Open Watcom Linker Version 1.9
Portions Copyright (c) 1985-2002 Sybase, Inc. All Rights Reserved.
Created on:       14/11/03 13:23:00
Executable Image: AtaTest.exe
creating a DOS executable


                        +------------+
                        |   Groups   |
                        +------------+

Group                           Address              Size
=====                           =======              ====

DGROUP                          1d1f:0000            00006c30



                        +--------------+
                        |   Segments   |
                        +--------------+

Segment                Class          Group          Address         Size
=======                =====          =====          =======         ====

ATAIOINT_TEXT          CODE           AUTO           0000:0000       0000035f
ATAIOISA_TEXT          CODE           AUTO           0000:035f       00001122
ATAIOPCI_TEXT          CODE           AUTO           0000:1481       0000144d
ATAIOPIO_TEXT          CODE           AUTO           0000:28ce       00000b69
ATAIOREG_TEXT          CODE           AUTO           0000:3437       000023cf
ATAIOSUB_TEXT          CODE           AUTO           0000:5806       00000772
ATAIOTMR_TEXT          CODE           AUTO           0000:5f78       0000055c
ATAIOTRC_TEXT          CODE           AUTO           0000:64d4       00001af7
ATALIB_TEXT            CODE           AUTO           0000:7fcb       0000351d
ATATest_TEXT           CODE           AUTO           0000:b4e8       0000098f
display_TEXT           CODE           AUTO           0000:be77       0000104e
tools_TEXT             CODE           AUTO           0000:cec5       000001ea
_TEXT                  CODE           AUTO           0d0b:0000       00007f81
ATAIOPCI13_DATA        FAR_DATA       AUTO           1504:0000       000001b0
ATALIB13_DATA          FAR_DATA       AUTO           1504:01b0       00008000
FAR_DATA               FAR_DATA       AUTO           1d1f:0000       00000000
_NULL                  BEGDATA        DGROUP         1d1f:0000       00000020
_AFTERNULL             BEGDATA        DGROUP         1d21:0000       00000002
CONST                  DATA           DGROUP         1d21:0002       00002478
CONST2                 DATA           DGROUP         1f68:000a       00000144
_DATA                  DATA           DGROUP         1f7c:000e       00000908
XIB                    DATA           DGROUP         200d:0006       00000000
XI                     DATA           DGROUP         200d:0006       0000001e
XIE                    DATA           DGROUP         200f:0004       00000000
YIB                    DATA           DGROUP         200f:0004       00000000
YI                     DATA           DGROUP         200f:0004       00000012
YIE                    DATA           DGROUP         2010:0006       00000000
STRINGS                DATA           DGROUP         2010:0006       00000000
DATA                   DATA           DGROUP         2010:0006       00000000
_BSS                   BSS            DGROUP         2010:0006       00003518
STACK                  STACK          DGROUP         2362:0000       00000800


                        +----------------+
                        |   Memory Map   |
                        +----------------+

* = unreferenced symbol
+ = symbol only referenced locally

Address        Symbol
=======        ======

Module: ATAIOINT.obj(C:\watcom\ATACMD\src\ATAIOINT.C)
1d1f:25de      _int_use_intr_flag
0000:0000+     int_enable_irq_
0000:012c+     int_disable_irq_
0000:017e      int_save_int_vect_
0000:01f8      int_restore_int_vect_
1d1f:2f1a      _int_bmide_addr
1d1f:2f1c+     _int_intr_cntr
1d1f:2f1e+     _int_ata_addr
1d1f:2f20      _int_intr_flag
1d1f:2f22      _int_bm_status
1d1f:2f23      _int_ata_status
Module: ATAIOISA.obj(C:\watcom\ATACMD\src\ATAIOISA.C)
0000:0679+     dma_isa_config_
0000:0b8b+     dma_isa_chs_
0000:0c66+     dma_isa_lba28_
0000:0d3b+     dma_isa_lba48_
0000:0e14+     dma_isa_packet_
Module: ATAIOPCI.obj(C:\watcom\ATACMD\src\ATAIOPCI.C)
1d1f:2f4a+     _dma_pci_largeMaxS
1d1f:2f4e+     _dma_pci_prd_ptr
1d1f:2f52+     _dma_pci_largePrdBufPtr
1d1f:2f56+     _dma_pci_largeMaxB
1d1f:2f5a+     _dma_pci_largeIoBufPtr
1d1f:2f5e+     _dma_pci_num_prd
1d1f:2f60+     _dma_pci_prd_type
0000:1481+     GetPciByte_
0000:14f6      GetPciWord_
0000:1578      GetPciClassCode_
0000:15b0      GetPciSubClassCode_
0000:1953+     dma_pci_config_
0000:1a97+     dma_pci_set_max_xfer_
0000:2031+     dma_pci_chs_
0000:20ff      dma_pci_lba28_
0000:21c7      dma_pci_lba48_
0000:2293+     dma_pci_packet_
Module: ATAIOPIO.obj(C:\watcom\ATACMD\src\ATAIOPIO.C)
0000:28ce      pio_set_iobase_addr_
0000:2975+     pio_set_memory_addr_
0000:2a21      pio_inbyte_
0000:2a9c      pio_outbyte_
0000:2b11+     pio_inword_
0000:2b7f+     pio_outword_
0000:2be5      pio_drq_block_in_
0000:2eed      pio_drq_block_out_
0000:31f5+     pio_rep_inbyte_
0000:3255+     pio_rep_outbyte_
0000:32b5+     pio_rep_inword_
0000:3315+     pio_rep_outword_
0000:3375+     pio_rep_indword_
0000:33d6+     pio_rep_outdword_
1d1f:25fa+     _pio_base_addr1
1d1f:25fc+     _pio_base_addr2
1d1f:25fe+     _pio_memory_seg
1d1f:2600+     _pio_memory_dt_opt
1d1f:2602      _pio_bmide_base_addr
1d1f:2604+     _pio_xfer_width
1d1f:2f64+     _pio_reg_addrs
1d1f:2f78+     _pio_last_read
1d1f:2f82+     _pio_last_write
Module: ATAIOREG.obj(C:\watcom\ATACMD\src\ATAIOREG.C)
1d1f:2f8c      _reg_atapi_cp_data
1d1f:2f9c+     _tATACommands
1d1f:34c4+     _reg_slow_xfer_flag
1d1f:34c8+     _reg_drq_block_call_back
1d1f:34cc      _reg_buffer_size
1d1f:34d0      _reg_config_info
1d1f:34d4      _reg_cmd_info
1d1f:3512      _reg_incompat_flags
1d1f:3514      _reg_atapi_delay_flag
0000:3437      GetLastATACommandIndex_
0000:348f      GetPreviousATACommand_
0000:34d4+     UpdateATACommandHistory_
0000:367a      reg_config_
0000:3a71      reg_reset_
0000:3fcf      reg_non_data_chs_
0000:4089      reg_non_data_lba28_
0000:413d      reg_non_data_lba48_
0000:45d4      reg_pio_data_in_chs_
0000:46e1      reg_pio_data_in_lba28_
0000:47e8      reg_pio_data_in_lba48_
0000:4d2f      reg_pio_data_out_chs_
0000:4e36      reg_pio_data_out_lba28_
0000:4f37      reg_pio_data_out_lba48_
0000:503c+     reg_packet_
1d1f:2606+     _uNumberOfATACommands
1d1f:3516      _reg_atapi_cp_size
1d1f:3518      _reg_atapi_reg_fr
1d1f:3519      _reg_atapi_reg_sn
1d1f:351a      _reg_atapi_reg_dh
1d1f:351b      _reg_atapi_reg_sc
Module: ATAIOSUB.obj(C:\watcom\ATACMD\src\ATAIOSUB.C)
0000:5806      sub_zero_return_data_
0000:583d      sub_setup_command_
0000:5a45      sub_trace_command_
0000:5c13      sub_select_
0000:5e4c      sub_readBusMstrCmd_
0000:5e99      sub_readBusMstrStatus_
0000:5ee9      sub_writeBusMstrCmd_
0000:5f2f      sub_writeBusMstrStatus_
Module: ATAIOTMR.obj(C:\watcom\ATACMD\src\ATAIOTMR.C)
0000:5f78      tmr_get_command_timeout_
0000:5fa5      tmr_set_command_timeout_
0000:5fd4      tmr_read_bios_timer_
0000:6023      tmr_set_timeout_
0000:604f      tmr_chk_timeout_
0000:6166      tmr_get_delay_counts_
0000:6318      tmr_delay_1ms_
0000:637f      tmr_delay_1us_
0000:63e6      tmr_delay_ata_
0000:643b      tmr_delay_atapi_
0000:648b      tmr_delay_xfer_
1d1f:2608+     _tmr_time_out
1d1f:351c+     _tmr_1us_count
1d1f:3520+     _tmr_1s_count
1d1f:3524+     _tmr_500ns_count
1d1f:3528+     _tmr_1ms_count
1d1f:352c+     _tmr_cmd_start_time
Module: ATAIOTRC.obj(C:\watcom\ATACMD\src\ATAIOTRC.C)
0000:64d4+     trc_get_type_name_
0000:654e+     trc_get_cmd_name_
0000:65aa+     trc_get_st_bit_name_
0000:6629+     trc_get_er_bit_name_
0000:669e+     trc_get_err_name_
0000:6709      trc_err_dump1_
0000:6732      trc_err_dump2_
0000:6de5+     trc_cht_types_
0000:6e30      trc_cht_
0000:6fc5      trc_cht_dump0_
0000:7009      trc_cht_dump1_
0000:7043      trc_cht_dump2_
0000:76fb      trc_llt_
0000:77e5      trc_llt_dump0_
0000:782c      trc_llt_dump1_
0000:7871      trc_llt_dump2_
1d1f:4ff8+     _trc_CmdCodeNdx
Module: ATALIB.obj(C:\watcom\ATACMD\src\ATALIB.c)
1d1f:2a76+     _ukMulti
1d1f:2a78      _ukQuietMode
1d1f:2a7a      _ukPrintOutput
1d1f:2a7c+     _ukTotalErrors
1d1f:2a7e+     _ukReturnValue1
1d1f:2a80+     _ukReturnValue2
1d1f:2a82+     _ukReturnValue3
1d1f:2a84+     _ukReturnValue4
1d1f:2a86+     _ukReturnValue5
1d1f:2a88+     _ukReturnValue6
1d1f:2a8a+     _ugReturnValue1
0000:7fcb      SendNonDataCommand_
0000:8014+     SendLBA28DataInCommand_
0000:8094+     SendLBA48DataInCommand_
0000:811c+     SendLBA28DataOutCommand_
0000:818c+     SendLBA48DataOutCommand_
0000:8204+     IdentifyDevice_
0000:828d+     DeviceConfigurationIdentify_
0000:8317      ATALIB_Initialize_
0000:835f+     GetSerialNumber_
0000:8443+     PrintSerialNumber_
0000:8492+     GetFirmwareRevision_
0000:856c+     PrintFirmwareRevision_
0000:85bb+     GetModelString_
0000:8695+     PrintModelString_
0000:86e4+     Check48BitAddressingSupported_
0000:8731+     CheckHPASupported_
0000:877e+     CheckDCOSupported_
0000:87cb+     CheckSecuritySupported_
0000:880e+     CheckEnhancedSecureEraseSupported_
0000:8851+     GetMaxLBAFromIdentifyDevice_
0000:8a6b+     GetMaxLBAFromReadNativeMax_
0000:8b7d+     GetMaxLBAFromDCO_
0000:8ce3+     CheckHPASet_
0000:8d49+     ReadNativeMaxAddress_
0000:8e06+     SetMaxAddress_
0000:8ed2+     SetHPA_
0000:8f30+     RemoveHPA_
0000:8fd5+     ChangeSecuritySupportViaDCO_
0000:90de+     ChangeDriveCapacityViaDCO_
0000:938d+     DeviceConfigurationRestore_
0000:93ee+     CheckSecurityEnabled_
0000:9431+     CheckSecurityLocked_
0000:9474+     CheckSecurityFrozen_
0000:94b7+     CheckSecurityCountExpired_
0000:94fa+     CheckSecurityLevel_
0000:9540+     SecurityUnlockPassword_
0000:961e+     SecurityDisablePassword_
0000:96fc+     SecuritySetPassword_
0000:97f7+     GetEstimatedSecureEraseTimesInMin_
0000:9840+     SecureErase_
0000:9940+     WriteSectors_
0000:9aaf+     WriteSectorsInLBA48_
0000:9b15+     WriteSectorsInLBA28_
0000:9b7b+     WriteSectorsInCHS_
0000:9bdd+     WriteDMAEXT_
0000:9d1e+     ReadSectors_
0000:9e8d+     ReadSectorsInLBA48_
0000:9ef3+     ReadSectorsInLBA28_
0000:9f59+     ReadSectorsInCHS_
0000:9fbb+     ReadDMAEXT_
0000:a0fc      SoftwareReset_
0000:a152+     ReadLogEXT_
0000:a21f+     WriteLogEXT_
0000:a2ec+     CheckStatusAndErrorRegisters_
0000:a36e+     PrintString_
0000:a4db+     PrintFailMessage_
0000:a518+     PrintStatusAndErrorRegisters_
0000:a55e+     PrintBuffer_
0000:a733+     PrintDataBufferHex_
0000:a768+     GetIDWord_
0000:a7cd+     GetDriveSecurityState_
0000:a7fb+     PrintDriveSecurityState_
0000:a90d+     HandleError_
0000:a950      SendATACommand_
0000:adde+     ScanForStorageDevices_
0000:b21f+     SetActiveDevice_
0000:b2d4      DisplayConnectedATAStorageDevices_
1d1f:2a8e+     _ugReturnValue2
1d1f:2a92+     _ugReturnValue3
1d1f:2a96+     _ugReturnValue4
1d1f:2a9a+     _ugReturnValue5
1d1f:2a9e+     _upPrintString
1d1f:50f8+     _wtStorageDevices
1d1f:5238+     _wcMaxLBA
1d1f:5240+     _upBufferPtr
1d1f:5244+     _upLog
1d1f:5248+     _ukInterruptNumber
1d1f:524a+     _ukDevicePosition
1d1f:524c+     _wcDriveString
1d1f:524f+     _wcUserReply
1d1f:5254+     _wcPasswordString
1d1f:5275+     _wcDisclaimerReply
1d1f:527a+     _wcPrintBuffer
1504:01b0+     _buffer
Module: ATATest.obj(C:\watcom\ATACMD\src\ATATest.c)
0000:b4e8+     InitializeParams_
0000:b51b+     ClearTrace_
0000:b540+     pause_
0000:b5a7+     ShowAll_
0000:b6ca+     WriteCommandToFile_
0000:b8c4      main_
Module: display.obj(C:\watcom\ATACMD\src\display.c)
0000:becd      Display_Initialize_
0000:c07e+     SaveScreen_
0000:c0e3+     RestoreScreen_
0000:c4e1+     DisplayATACommandHistory_
0000:c64d+     DisplayATARegs_
0000:ca7d+     GetATACommandParameters_
1d1f:2ad6+     _uScreenSavedFlag
1d1f:52cc+     _wcSavedScreen
1d1f:626c+     _upVideoMemoryAddr
1d1f:6270+     _wcATARegString
1d1f:62c1+     _eVideoType
Module: tools.obj(C:\watcom\ATACMD\src\tools.c)
0000:cec5+     DumpLine_
0000:cf06+     RemovePadding_
0000:cfba      RemoveTrailingSpaces_
0000:d028+     StringCompareIgnoreCase_
Module: C:\WATCOM/lib286/dos\clibl.lib(stk)
0d0b:0005      __STK
0d0b:0025*     __STKOVERFLOW_
Module: C:\WATCOM/lib286/dos\clibl.lib(inp.c)
0d0b:0042      inp_
Module: C:\WATCOM/lib286/dos\clibl.lib(outp.c)
0d0b:004a      outp_
Module: C:\WATCOM/lib286/dos\clibl.lib(disable.c)
0d0b:0054      _disable_
Module: C:\WATCOM/lib286/dos\clibl.lib(d_setvec.c)
0d0b:0056      _dos_setvect_
Module: C:\WATCOM/lib286/dos\clibl.lib(enable.c)
0d0b:0063      _enable_
Module: C:\WATCOM/lib286/dos\clibl.lib(d_getvec.c)
0d0b:0065      _dos_getvect_
Module: C:\WATCOM/lib286/dos\clibl.lib(cmodel)
0d0b:0070      _big_code_
0d0b:0070*     CodeModelMismatch
Module: C:\WATCOM/lib286/dos\clibl.lib(intx086.c)
0d0b:0070+     int86x_
0d0b:0109      int86_
Module: C:\WATCOM/lib286/dos\clibl.lib(outpw.c)
0d0b:0136      outpw_
Module: C:\WATCOM/lib286/dos\clibl.lib(i4d)
0d0b:0140      __I4D
0d0b:018f      __U4D
Module: C:\WATCOM/lib286/dos\clibl.lib(memcpy.c)
0d0b:0213      memcpy_
Module: C:\WATCOM/lib286/dos\clibl.lib(i4m)
0d0b:0236      __I4M
0d0b:0236      __U4M
Module: C:\WATCOM/lib286/dos\clibl.lib(strcat.c)
0d0b:024e      strcat_
Module: C:\WATCOM/lib286/dos\clibl.lib(sprintf.c)
0d0b:0279      sprintf_
Module: C:\WATCOM/lib286/dos\clibl.lib(strcpy.c)
0d0b:02a8      strcpy_
Module: C:\WATCOM/lib286/dos\clibl.lib(memset.c)
0d0b:02f3      memset_
Module: C:\WATCOM/lib286/dos\clibl.lib(fmalloc.c)
0d0b:030a      _fmalloc_
0d0b:030a      malloc_
1d1f:2ada+     ___fheap
1d1f:2adc      ___fheapRover
1d1f:2ade      ___LargestSizeB4Rover
Module: C:\WATCOM/lib286/dos\clibl.lib(printf.c)
0d0b:0417      printf_
Module: C:\WATCOM/lib286/dos\clibl.lib(fopen.c)
0d0b:0446+     __open_flags_
0d0b:0646+     _fsopen_
0d0b:06ad      fopen_
0d0b:0788*     freopen_
Module: C:\WATCOM/lib286/dos\clibl.lib(fprintf.c)
0d0b:07fe      fprintf_
Module: C:\WATCOM/lib286/dos\clibl.lib(fclose.c)
0d0b:082d      __doclose_
0d0b:08de      __shutdown_stream_
0d0b:08f8      fclose_
1d1f:62c2+     ___RmTmpFileFn
Module: C:\WATCOM/lib286/dos\clibl.lib(iob.c)
1d1f:2ae0      ___iob
1d1f:2c48      __fmode
1d1f:62c6      ___OpenStreams
1d1f:62ca      ___ClosedStreams
Module: C:\WATCOM/lib286/dos\clibl.lib(fflush.c)
0d0b:0943      fflush_
Module: C:\WATCOM/lib286/dos\clibl.lib(scanf.c)
0d0b:09ba+     vscanf_
0d0b:09e8      scanf_
Module: C:\WATCOM/lib286/dos\clibl.lib(fgetc.c)
0d0b:0a10+     __fill_buffer_
0d0b:0adf+     __filbuf_
0d0b:0b03      fgetc_
Module: C:\WATCOM/lib286/dos\clibl.lib(system.c)
0d0b:0ba4      system_
Module: C:\WATCOM/lib286/dos\clibl.lib(kbhit.c)
0d0b:0c1f      kbhit_
Module: C:\WATCOM/lib286/dos\clibl.lib(getch.c)
0d0b:0c35      getch_
Module: C:\WATCOM/lib286/dos\clibl.lib(time.c)
0d0b:0c4f      time_
Module: C:\WATCOM/lib286/dos\clibl.lib(asctime.c)
0d0b:0cb4+     _asctime_
0d0b:0dd0*     asctime_
0d0b:0ddf*     _ctime_
0d0b:0dff      ctime_
Module: C:\WATCOM/lib286/dos\clibl.lib(cstart)
1d1f:0000*     __nullarea
1d1f:2c4a*     __ovlflag
1d1f:2c4b*     __intno
1d1f:2c4c*     __ovlvec
0d0b:0e0e      _cstart_
0d0b:0ee1*     _Not_Enough_Memory_
0d0b:0fe7      __exit_
0d0b:1006      __do_exit_with_msg__
0d0b:1064      __GETDS
Module: C:\WATCOM/lib286/dos\clibl.lib(strlen.c)
0d0b:106e      strlen_
Module: C:\WATCOM/lib286/dos\clibl.lib(toupper.c)
0d0b:1083      toupper_
Module: C:\WATCOM/lib286/dos\clibl.lib(strtol.c)
0d0b:12d9*     strtoul_
0d0b:12eb      strtol_
Module: C:\WATCOM/lib286/dos\clibl.lib(tolower.c)
0d0b:12f4      tolower_
Module: C:\WATCOM/lib286/dos\clibl.lib(xmsg.c)
0d0b:1302*     __exit_with_msg_
0d0b:1307      __fatal_runtime_error_
Module: C:\WATCOM/lib286/dos\clibl.lib(crwdata)
1d1f:2cdc      __curbrk
1d1f:2ce4      __STACKLOW
1d1f:2ce6      __STACKTOP
1d1f:2ce8      __cbyte
1d1f:2cea      __child
1d1f:2cec      __no87
1d1f:2cfa      ___FPE_handler
1d1f:2cde      __psp
1d1f:2cee      __get_ovl_stack
1d1f:2cf2      __restore_ovl_stack
1d1f:2cf6      __close_ovl_file
1d1f:2cfe      __LpCmdLine
1d1f:2d02      __LpPgmName
1d1f:2ce0      __osmajor
1d1f:2ce1      __osminor
1d1f:2ce2      __osmode
1d1f:2ce3      __HShift
Module: C:\WATCOM/lib286/dos\clibl.lib(intr.c)
0d0b:1326      intr_
Module: C:\WATCOM/lib286/dos\clibl.lib(segread.c)
0d0b:133a      segread_
Module: C:\WATCOM/lib286/dos\clibl.lib(vsprintf.c)
0d0b:1373      vsprintf_
Module: C:\WATCOM/lib286/dos\clibl.lib(hpgrw086.c)
0d0b:139e      __CMain_nheapgrow_
Module: C:\WATCOM/lib286/dos\clibl.lib(mem.c)
0d0b:13b0      __MemAllocator
0d0b:147a      __MemFree
Module: C:\WATCOM/lib286/dos\clibl.lib(growseg.c)
0d0b:15d7      __GrowSeg_
Module: C:\WATCOM/lib286/dos\clibl.lib(allocseg.c)
0d0b:16c9      __AllocSeg_
Module: C:\WATCOM/lib286/dos\clibl.lib(fmemneed.c)
0d0b:1760      __fmemneed_
Module: C:\WATCOM/lib286/dos\clibl.lib(nmalloc.c)
0d0b:1763      _nmalloc_
1d1f:2d06      ___nheapbeg
1d1f:2d08      ___MiniHeapRover
1d1f:2d0a      ___LargestSizeB4MiniHeapRover
Module: C:\WATCOM/lib286/dos\clibl.lib(fprtf.c)
0d0b:1857      __fprtf_
Module: C:\WATCOM/lib286/dos\clibl.lib(comtflag.c)
0d0b:1922*     __set_commode_
1d1f:2d0c      __commode
Module: C:\WATCOM/lib286/dos\clibl.lib(seterrno.c)
0d0b:192e      __set_errno_
0d0b:1942*     __set_EDOM_
0d0b:1954*     __set_ERANGE_
0d0b:1966*     __set_EINVAL_
0d0b:197b      __set_doserrno_
Module: C:\WATCOM/lib286/dos\clibl.lib(open.c)
0d0b:1b87*     open_
0d0b:1bbe      sopen_
Module: C:\WATCOM/lib286/dos\clibl.lib(fseek.c)
0d0b:1c56      fseek_
Module: C:\WATCOM/lib286/dos\clibl.lib(chktty.c)
0d0b:1db4      __chktty_
Module: C:\WATCOM/lib286/dos\clibl.lib(freefp.c)
0d0b:1ddf      __freefp_
0d0b:1e5a      __purgefp_
Module: C:\WATCOM/lib286/dos\clibl.lib(allocfp.c)
0d0b:1e9b      __allocfp_
Module: C:\WATCOM/lib286/dos\clibl.lib(lseekdos.c)
0d0b:1fbd      __lseek_
Module: C:\WATCOM/lib286/dos\clibl.lib(_clse.c)
0d0b:1ffb      __close_
Module: C:\WATCOM/lib286/dos\clibl.lib(ffree.c)
0d0b:202e      _ffree_
0d0b:202e      free_
Module: C:\WATCOM/lib286/dos\clibl.lib(flush.c)
0d0b:2074      __flush_
Module: C:\WATCOM/lib286/dos\clibl.lib(initfile.c)
0d0b:21a7      __InitFiles_
Module: C:\WATCOM/lib286/dos\clibl.lib(ioexit.c)
0d0b:22f5*     fcloseall_
0d0b:22fc      __full_io_exit_
Module: C:\WATCOM/lib286/dos\clibl.lib(flushall.c)
0d0b:2306      __flushall_
0d0b:2363      flushall_
Module: C:\WATCOM/lib286/dos\clibl.lib(ungetc.c)
0d0b:2368      ungetc_
Module: C:\WATCOM/lib286/dos\clibl.lib(scnf.c)
0d0b:3320      __scnf_
Module: C:\WATCOM/lib286/dos\clibl.lib(gtche.c)
0d0b:35ae      getche_
Module: C:\WATCOM/lib286/dos\clibl.lib(ioalloc.c)
0d0b:35c8      __ioalloc_
Module: C:\WATCOM/lib286/dos\clibl.lib(qread.c)
0d0b:3662      __qread_
Module: C:\WATCOM/lib286/dos\clibl.lib(getenv.c)
0d0b:3682      getenv_
Module: C:\WATCOM/lib286/dos\clibl.lib(_slashc.c)
0d0b:3747      __Slash_C_
Module: C:\WATCOM/lib286/dos\clibl.lib(splp.c)
0d0b:3773      spawnlp_
Module: C:\WATCOM/lib286/dos\clibl.lib(gtctm.c)
0d0b:3791      __getctime_
Module: C:\WATCOM/lib286/dos\clibl.lib(mktime.c)
0d0b:381a      mktime_
Module: C:\WATCOM/lib286/dos\clibl.lib(localtim.c)
0d0b:38d4      _localtime_
0d0b:3963      localtime_
Module: C:\WATCOM/lib286/dos\clibl.lib(cmain086.c)
0d0b:3972      __CMain
Module: C:\WATCOM/lib286/dos\clibl.lib(initrtns.c)
0d0b:39d8      __InitRtns
0d0b:39d8*     __FInitRtns
0d0b:3a33      __FiniRtns
0d0b:3a33*     __FFiniRtns
Module: C:\WATCOM/lib286/dos\clibl.lib(dosseg)
0d0b:3a98      __DOSseg__
Module: C:\WATCOM/lib286/dos\clibl.lib(istable.c)
1d1f:24d4      __IsTable
Module: C:\WATCOM/lib286/dos\clibl.lib(enterdb.c)
0d0b:3a99      __EnterWVIDEO_
1d1f:2d0e+     ___WD_Present
Module: C:\WATCOM/lib286/dos\clibl.lib(dointr)
0d0b:3abe      _DoINTR_
Module: C:\WATCOM/lib286/dos\clibl.lib(prtf.c)
0d0b:3e37      __prtf_
Module: C:\WATCOM/lib286/dos\clibl.lib(heapgrow.c)
0d0b:4c08*     _heapgrow_
0d0b:4c08*     _fheapgrow_
0d0b:4c09      _nheapgrow_
Module: C:\WATCOM/lib286/dos\clibl.lib(heapen.c)
0d0b:4c83*     _heapenable_
1d1f:2d10      ___heap_enabled
Module: C:\WATCOM/lib286/dos\clibl.lib(amblksiz.c)
1d1f:2d12      __amblksiz
Module: C:\WATCOM/lib286/dos\clibl.lib(nmemneed.c)
0d0b:4c94      __nmemneed_
Module: C:\WATCOM/lib286/dos\clibl.lib(grownear.c)
0d0b:4d1c      __LastFree_
0d0b:4d96      __ExpandDGROUP_
Module: C:\WATCOM/lib286/dos\clibl.lib(fputc.c)
0d0b:4ea7      fputc_
Module: C:\WATCOM/lib286/dos\clibl.lib(errno.c)
0d0b:4f77      __get_errno_ptr_
0d0b:4f7e      __get_doserrno_ptr_
1d1f:62fa+     _errno
1d1f:62fc+     __doserrno
Module: C:\WATCOM/lib286/dos\clibl.lib(iomode.c)
0d0b:4f85      __GetIOMode_
0d0b:4faa      __SetIOMode_nogrow_
1d1f:2d14      ___NFiles
1d1f:2d16      ___init_mode
1d1f:2d3e      ___io_mode
Module: C:\WATCOM/lib286/dos\clibl.lib(isatt.c)
0d0b:4fcd      isatty_
Module: C:\WATCOM/lib286/dos\clibl.lib(umaskval.c)
1d1f:2d42      ___umaskval
Module: C:\WATCOM/lib286/dos\clibl.lib(stiomode.c)
0d0b:4fe9+     __grow_iomode_
0d0b:50ac+     __shrink_iomode_
0d0b:50e7      __SetIOMode_
Module: C:\WATCOM/lib286/dos\clibl.lib(dosret.c)
0d0b:514a      _dosretax_
0d0b:514f*     _dosret0_
0d0b:5156      __set_errno_dos_
Module: C:\WATCOM/lib286/dos\clibl.lib(lseek.c)
0d0b:51b4      lseek_
Module: C:\WATCOM/lib286/dos\clibl.lib(tell.c)
0d0b:51e5      tell_
Module: C:\WATCOM/lib286/dos\clibl.lib(nfree.c)
0d0b:51f6      _nfree_
1d1f:6300+     ___MiniHeapFreeRover
Module: C:\WATCOM/lib286/dos\clibl.lib(qwrit.c)
0d0b:52f1      __qwrite_
Module: C:\WATCOM/lib286/dos\clibl.lib(fsync.c)
0d0b:534e      fsync_
Module: C:\WATCOM/lib286/dos\clibl.lib(mbisdbcs.c)
1d1f:6302      ___IsDBCS
Module: C:\WATCOM/lib286/dos\clibl.lib(mbislead.c)
0d0b:5353*     _ismbblead_
1d1f:6304      ___MBCSIsTable
Module: C:\WATCOM/lib286/dos\clibl.lib(mbtowc.c)
0d0b:536f      mbtowc_
Module: C:\WATCOM/lib286/dos\clibl.lib(bits.c)
1d1f:25d6      __Bits
Module: C:\WATCOM/lib286/dos\clibl.lib(fdfs086)
0d0b:5472      __FDFS
Module: C:\WATCOM/lib286/dos\clibl.lib(noefgfmt.c)
1d1f:2d58      ___EFG_printf
1d1f:2d5c      ___EFG_scanf
Module: C:\WATCOM/lib286/dos\clibl.lib(i8m086)
0d0b:54e7*     __I8M
0d0b:54e7      __U8M
0d0b:54cc*     __I8ME
0d0b:54cc*     __U8ME
Module: C:\WATCOM/lib286/dos\clibl.lib(environ.c)
1d1f:6406      ___env_mask
1d1f:640a      _environ
1d1f:640e*     __wenviron
Module: C:\WATCOM/lib286/dos\clibl.lib(mbterm.c)
0d0b:5631      _mbterm_
Module: C:\WATCOM/lib286/dos\clibl.lib(mbsnextc.c)
0d0b:5673      _mbsnextc_
Module: C:\WATCOM/lib286/dos\clibl.lib(mbcupper.c)
0d0b:56a4      _mbctoupper_
Module: C:\WATCOM/lib286/dos\clibl.lib(mbsinc.c)
0d0b:56c7      _mbsinc_
Module: C:\WATCOM/lib286/dos\clibl.lib(spvp.c)
0d0b:5703      spawnvp_
Module: C:\WATCOM/lib286/dos\clibl.lib(locmktim.c)
0d0b:5724      __local_mktime_
Module: C:\WATCOM/lib286/dos\clibl.lib(gmtime.c)
0d0b:5930      __brktime_
0d0b:5a93+     _gmtime_
0d0b:5ab7*     gmtime_
Module: C:\WATCOM/lib286/dos\clibl.lib(tzset.c)
1d1f:2d60      ___start_dst
1d1f:2d72      ___end_dst
1d1f:2e86*     _tzname
1d1f:2e8e      _timezone
1d1f:2e92      _daylight
1d1f:2e94      ___dst_adjust
0d0b:5ac6*     __DontCacheOSTZ_
0d0b:5adf*     __CacheOSTZ_
0d0b:5d8c+     __parse_tz_
0d0b:5ea1      tzset_
Module: C:\WATCOM/lib286/dos\clibl.lib(timeutil.c)
0d0b:5fff      __isindst_
Module: C:\WATCOM/lib286/dos\clibl.lib(___argc.c)
1d1f:6424      ____Argv
1d1f:6428      ____Argc
Module: C:\WATCOM/lib286/dos\clibl.lib(exit.c)
0d0b:62f2+     __null_int23_exit_
0d0b:62f3      exit_
0d0b:6324*     _exit_
1d1f:2e98+     ___int23_exit
1d1f:2e9c+     ___FPE_handler_exit
Module: C:\WATCOM/lib286/dos\clibl.lib(sgdef086)
1d1f:2ee6      __Start_XI
1d1f:2f04      __End_XI
1d1f:2f04      __Start_YI
1d1f:2f16      __End_YI
Module: C:\WATCOM/lib286/dos\clibl.lib(wctomb.c)
0d0b:633e      wctomb_
Module: C:\WATCOM/lib286/dos\clibl.lib(itoa.c)
0d0b:6367+     utoa_
0d0b:63c4      itoa_
Module: C:\WATCOM/lib286/dos\clibl.lib(strupr.c)
0d0b:63e8      strupr_
Module: C:\WATCOM/lib286/dos\clibl.lib(lltoa.c)
0d0b:640a      ulltoa_
0d0b:64ef*     lltoa_
Module: C:\WATCOM/lib286/dos\clibl.lib(ltoa.c)
0d0b:6551      ultoa_
0d0b:65c0*     ltoa_
Module: C:\WATCOM/lib286/dos\clibl.lib(sbrk.c)
0d0b:65ef*     sbrk_
0d0b:65ff      __brk_
Module: C:\WATCOM/lib286/dos\clibl.lib(frealloc.c)
0d0b:6669*     _frealloc_
0d0b:6669      realloc_
Module: C:\WATCOM/lib286/dos\clibl.lib(iomodtty.c)
0d0b:6745      __ChkTTYIOMode_
0d0b:6783*     __IOMode_
Module: C:\WATCOM/lib286/dos\clibl.lib(dosfile)
0d0b:6794*     _dos_close_
0d0b:67a2      _dos_commit_
0d0b:67b1*     _dos_open_
Module: C:\WATCOM/lib286/dos\clibl.lib(mbinit.c)
0d0b:6814      __mbinit_
1d1f:2ea0      ___MBCodePage
Module: C:\WATCOM/lib286/dos\clibl.lib(setenvp.c)
0d0b:690d      __setenvp_
0d0b:6a10      __freeenvp_
Module: C:\WATCOM/lib286/dos\clibl.lib(mbdtoupp.c)
0d0b:6a6e      _mbdtoupper_
Module: C:\WATCOM/lib286/dos\clibl.lib(spvpe.c)
0d0b:6a7c      spawnvpe_
Module: C:\WATCOM/lib286/dos\clibl.lib(leapyear.c)
0d0b:6bf9      __leapyear_
1d1f:241a      ___diyr
1d1f:2434      ___dilyr
Module: C:\WATCOM/lib286/dos\clibl.lib(alphabet.c)
1d1f:244e      ___Alphabet
Module: C:\WATCOM/lib286/dos\clibl.lib(fmsize.c)
0d0b:6c23*     _msize_
0d0b:6c23      _fmsize_
Module: C:\WATCOM/lib286/dos\clibl.lib(nexpand.c)
0d0b:6c34      __HeapManager_expand_
0d0b:6dab      _nexpand_
Module: C:\WATCOM/lib286/dos\clibl.lib(fexpand.c)
0d0b:6dfe      _fexpand_
0d0b:6dfe*     _expand_
Module: C:\WATCOM/lib286/dos\clibl.lib(doserror)
0d0b:6e34      __doserror_
Module: C:\WATCOM/lib286/dos\clibl.lib(clearenv.c)
0d0b:6e46      clearenv_
Module: C:\WATCOM/lib286/dos\clibl.lib(spve.c)
0d0b:6f92      spawnve_
Module: C:\WATCOM/lib286/dos\clibl.lib(strchr.c)
0d0b:7379      strchr_
Module: C:\WATCOM/lib286/dos\clibl.lib(bfree.c)
0d0b:7398      _bfree_
Module: C:\WATCOM/lib286/dos\clibl.lib(bexpand.c)
0d0b:73bd      _bexpand_
Module: C:\WATCOM/lib286/dos\clibl.lib(dosfind)
0d0b:7416      _dos_findfirst_
0d0b:743b*     _dos_findnext_
0d0b:7451*     _dos_findclose_
Module: C:\WATCOM/lib286/dos\clibl.lib(cenvarg.c)
0d0b:746e      __cenvarg_
0d0b:765a      __ccmdline_
Module: C:\WATCOM/lib286/dos\clibl.lib(dospawn)
0d0b:76eb      __dospawn
Module: C:\WATCOM/lib286/dos\clibl.lib(execaddr.c)
0d0b:77d3      __execaddr_
1d1f:2eda+     ___Exec_addr
Module: C:\WATCOM/lib286/dos\clibl.lib(stack086.c)
0d0b:77e0      stackavail_
Module: C:\WATCOM/lib286/dos\clibl.lib(split2.c)
0d0b:7868      _splitpath2_
Module: C:\WATCOM/lib286/dos\clibl.lib(save8087.c)
1d1f:2ede      ___Save8087
1d1f:2ee2      ___Rest8087
Module: C:\WATCOM/lib286/dos\clibl.lib(dosmem)
0d0b:7a1a      _dos_allocmem_
0d0b:7a3c      _dos_freemem_
0d0b:7a4a*     _dos_setblock_
Module: C:\WATCOM/lib286/dos\clibl.lib(fmemcpy.c)
0d0b:7a66      _fmemcpy_
Module: C:\WATCOM/lib286/dos\clibl.lib(makepath.c)
0d0b:7aa2      _makepath_
Module: C:\WATCOM/lib286/dos\clibl.lib(stricmp.c)
0d0b:7cee      stricmp_
Module: C:\WATCOM/lib286/dos\clibl.lib(spl.c)
0d0b:7d2b      spawnl_
Module: C:\WATCOM/lib286/dos\clibl.lib(mbsnccnt.c)
0d0b:7d56      _mbsnccnt_
Module: C:\WATCOM/lib286/dos\clibl.lib(mbsncpy.c)
0d0b:7d8a      _mbsncpy_
Module: C:\WATCOM/lib286/dos\clibl.lib(mbsnbcnt.c)
0d0b:7dc0      _mbsnbcnt_
Module: C:\WATCOM/lib286/dos\clibl.lib(mbconv.c)
0d0b:7e39      _mbvtop_
Module: C:\WATCOM/lib286/dos\clibl.lib(mbclen.c)
0d0b:7e4e      _mbclen_
Module: C:\WATCOM/lib286/dos\clibl.lib(mbsdec.c)
0d0b:7e7c      _mbsdec_
Module: C:\WATCOM/lib286/dos\clibl.lib(mbsnbcpy.c)
0d0b:7f09      _mbsnbcpy_


                        +--------------------+
                        |   Libraries Used   |
                        +--------------------+

C:\WATCOM/lib286/dos\clibl.lib


                        +-----------------------+
                        |   Linker Statistics   |
                        +-----------------------+

Stack size:  0800 (2048.)
Memory size:  00023e20 (146976.)
Entry point address: 0d0b:0e0e
Link time: 00:00.31
