Open Watcom Linker Version 1.9
Portions Copyright (c) 1985-2002 Sybase, Inc. All Rights Reserved.
Created on:       14/12/07 22:36:19
Executable Image: Diag.exe
creating a DOS executable


                        +------------+
                        |   Groups   |
                        +------------+

Group                           Address              Size
=====                           =======              ====

DGROUP                          1eeb:0000            00007460



                        +--------------+
                        |   Segments   |
                        +--------------+

Segment                Class          Group          Address         Size
=======                =====          =====          =======         ====

ATACMD_TEXT            CODE           AUTO           0000:0000       0000157c
ATAIOINT_TEXT          CODE           AUTO           0000:157c       0000035f
ATAIOISA_TEXT          CODE           AUTO           0000:18db       00001135
ATAIOPCI_TEXT          CODE           AUTO           0000:2a10       00001467
ATAIOPIO_TEXT          CODE           AUTO           0000:3e77       00000b69
ATAIOREG_TEXT          CODE           AUTO           0000:49e0       000023da
ATAIOSUB_TEXT          CODE           AUTO           0000:6dba       00000772
ATAIOTMR_TEXT          CODE           AUTO           0000:752c       0000055c
ATAIOTRC_TEXT          CODE           AUTO           0000:7a88       00001ca3
ATALIB_TEXT            CODE           AUTO           0000:972b       000039c3
display_TEXT           CODE           AUTO           0000:d0ee       000019e8
tools_TEXT             CODE           AUTO           0000:ead6       000002a4
_TEXT                  CODE           AUTO           0ed8:0000       00007f7d
ATAIOPCI13_DATA        FAR_DATA       AUTO           16d0:0000       000001b0
ATALIB13_DATA          FAR_DATA       AUTO           16d0:01b0       00008000
FAR_DATA               FAR_DATA       AUTO           1eeb:0000       00000000
_NULL                  BEGDATA        DGROUP         1eeb:0000       00000020
_AFTERNULL             BEGDATA        DGROUP         1eed:0000       00000002
CONST                  DATA           DGROUP         1eed:0002       00002ba4
CONST2                 DATA           DGROUP         21a7:0006       00000144
_DATA                  DATA           DGROUP         21bb:000a       00000a00
XIB                    DATA           DGROUP         225b:000a       00000000
XI                     DATA           DGROUP         225b:000a       0000001e
XIE                    DATA           DGROUP         225d:0008       00000000
YIB                    DATA           DGROUP         225d:0008       00000000
YI                     DATA           DGROUP         225d:0008       00000012
YIE                    DATA           DGROUP         225e:000a       00000000
STRINGS                DATA           DGROUP         225e:000a       00000000
DATA                   DATA           DGROUP         225e:000a       00000000
_BSS                   BSS            DGROUP         225e:000a       00003522
STACK                  STACK          DGROUP         25b1:0000       00000800


                        +----------------+
                        |   Memory Map   |
                        +----------------+

* = unreferenced symbol
+ = symbol only referenced locally

Address        Symbol
=======        ======

Module: ATACMD.obj(C:\watcom\ATACMD\src\ATACMD.c)
0000:0000+     InitializeParams_
0000:0033+     PrintSuccess_
0000:0079+     ClearBuffer_
0000:00b6+     FillBuffer_
0000:0129+     GetAndSendATACommand_
0000:0185+     TraceDisplay_
0000:01b3+     TraceClear_
0000:01e1+     RDMA_
0000:02ba+     PrintDUTInfo_
0000:0510+     ScanDrives_
0000:056a+     ATACommand_
0000:05c1+     SetDebugModeOn_
0000:05f1+     SetDebugModeOff_
0000:0621+     ViewBuffer_
0000:06ad+     DisplayATAInfo_
0000:06f6+     SecuritySetMasterPassword_
0000:07ad+     SecuritySetUserPassword_
0000:0863+     SecurityUnlock_
0000:0934+     SecurityDisable_
0000:0a05+     SecurityErase_
0000:0c1d+     SmartAttributes_
0000:0d0f+     RemoveHPAAndDCO_
0000:0da8+     ATASecuritySupport_
0000:0df7+     ATASecurityUnsupport_
0000:0e45+     DcoSetLBA_
0000:0edf+     HpaSetLBA_
0000:0f81+     Reset_
0000:0fcd+     Id_
0000:10d9+     RPIO_
0000:119a+     WPIO_
0000:12ba+     DoCommand_
0000:13e3      main_
1eeb:2d0a+     _wcCommand
1eeb:2d5a+     _wtAtacmdCommands
Module: ATAIOINT.obj(C:\watcom\ATACMD\src\ATAIOINT.C)
1eeb:2e32      _int_use_intr_flag
0000:157c      int_enable_irq_
0000:16a8      int_disable_irq_
0000:16fa      int_save_int_vect_
0000:1774      int_restore_int_vect_
1eeb:373e      _int_bmide_addr
1eeb:3740+     _int_intr_cntr
1eeb:3742+     _int_ata_addr
1eeb:3744      _int_intr_flag
1eeb:3746      _int_bm_status
1eeb:3747      _int_ata_status
Module: ATAIOISA.obj(C:\watcom\ATACMD\src\ATAIOISA.C)
0000:1c03      dma_isa_config_
0000:211a+     dma_isa_chs_
0000:21f5      dma_isa_lba28_
0000:22ca      dma_isa_lba48_
0000:23a3+     dma_isa_packet_
Module: ATAIOPCI.obj(C:\watcom\ATACMD\src\ATAIOPCI.C)
1eeb:376e+     _dma_pci_largeMaxS
1eeb:3772+     _dma_pci_prd_ptr
1eeb:3776+     _dma_pci_largePrdBufPtr
1eeb:377a+     _dma_pci_largeMaxB
1eeb:377e+     _dma_pci_largeIoBufPtr
1eeb:3782      _dma_pci_enabled_flag
1eeb:3784+     _dma_pci_num_prd
1eeb:3786+     _dma_pci_prd_type
0000:2a10+     GetPciByte_
0000:2a85      GetPciWord_
0000:2b07      GetPciClassCode_
0000:2b3f      GetPciSubClassCode_
0000:2ee2      dma_pci_config_
0000:302d+     dma_pci_set_max_xfer_
0000:35da+     dma_pci_chs_
0000:36a8      dma_pci_lba28_
0000:3770      dma_pci_lba48_
0000:383c+     dma_pci_packet_
Module: ATAIOPIO.obj(C:\watcom\ATACMD\src\ATAIOPIO.C)
0000:3e77      pio_set_iobase_addr_
0000:3f1e+     pio_set_memory_addr_
0000:3fca      pio_inbyte_
0000:4045      pio_outbyte_
0000:40ba+     pio_inword_
0000:4128+     pio_outword_
0000:418e      pio_drq_block_in_
0000:4496      pio_drq_block_out_
0000:479e+     pio_rep_inbyte_
0000:47fe+     pio_rep_outbyte_
0000:485e+     pio_rep_inword_
0000:48be+     pio_rep_outword_
0000:491e+     pio_rep_indword_
0000:497f+     pio_rep_outdword_
1eeb:2e4e      _pio_base_addr1
1eeb:2e50+     _pio_base_addr2
1eeb:2e52+     _pio_memory_seg
1eeb:2e54+     _pio_memory_dt_opt
1eeb:2e56      _pio_bmide_base_addr
1eeb:2e58+     _pio_xfer_width
1eeb:378a+     _pio_reg_addrs
1eeb:379e+     _pio_last_read
1eeb:37a8+     _pio_last_write
Module: ATAIOREG.obj(C:\watcom\ATACMD\src\ATAIOREG.C)
1eeb:37b2      _reg_atapi_cp_data
1eeb:37c2+     _tATACommands
1eeb:3cea      _reg_config_info
1eeb:3cee+     _reg_slow_xfer_flag
1eeb:3cf2+     _reg_drq_block_call_back
1eeb:3cf6      _reg_buffer_size
1eeb:3cfa      _reg_cmd_info
1eeb:3d38      _reg_incompat_flags
1eeb:3d3a      _reg_atapi_delay_flag
0000:49e0      GetLastATACommandIndex_
0000:4a38      GetPreviousATACommand_
0000:4a7d      UpdateATACommandHistory_
0000:4c2e      reg_config_
0000:5025      reg_reset_
0000:5583      reg_non_data_chs_
0000:563d      reg_non_data_lba28_
0000:56f1      reg_non_data_lba48_
0000:5b88      reg_pio_data_in_chs_
0000:5c95      reg_pio_data_in_lba28_
0000:5d9c      reg_pio_data_in_lba48_
0000:62e3      reg_pio_data_out_chs_
0000:63ea      reg_pio_data_out_lba28_
0000:64eb      reg_pio_data_out_lba48_
0000:65f0+     reg_packet_
1eeb:2e5a+     _uNumberOfATACommands
1eeb:3d3c      _reg_atapi_cp_size
1eeb:3d3e      _reg_atapi_reg_fr
1eeb:3d3f      _reg_atapi_reg_sn
1eeb:3d40      _reg_atapi_reg_dh
1eeb:3d41      _reg_atapi_reg_sc
Module: ATAIOSUB.obj(C:\watcom\ATACMD\src\ATAIOSUB.C)
0000:6dba      sub_zero_return_data_
0000:6df1      sub_setup_command_
0000:6ff9      sub_trace_command_
0000:71c7      sub_select_
0000:7400      sub_readBusMstrCmd_
0000:744d      sub_readBusMstrStatus_
0000:749d      sub_writeBusMstrCmd_
0000:74e3      sub_writeBusMstrStatus_
Module: ATAIOTMR.obj(C:\watcom\ATACMD\src\ATAIOTMR.C)
0000:752c      tmr_get_command_timeout_
0000:7559      tmr_set_command_timeout_
0000:7588      tmr_read_bios_timer_
0000:75d7      tmr_set_timeout_
0000:7603      tmr_chk_timeout_
0000:771a      tmr_get_delay_counts_
0000:78cc      tmr_delay_1ms_
0000:7933      tmr_delay_1us_
0000:799a      tmr_delay_ata_
0000:79ef      tmr_delay_atapi_
0000:7a3f      tmr_delay_xfer_
1eeb:2e5c+     _tmr_time_out
1eeb:3d42+     _tmr_1us_count
1eeb:3d46+     _tmr_1s_count
1eeb:3d4a+     _tmr_500ns_count
1eeb:3d4e+     _tmr_1ms_count
1eeb:3d52+     _tmr_cmd_start_time
Module: ATAIOTRC.obj(C:\watcom\ATACMD\src\ATAIOTRC.C)
0000:7a88+     trc_get_type_name_
0000:7b02+     trc_get_cmd_name_
0000:7b5e+     trc_get_st_bit_name_
0000:7bdd+     trc_get_er_bit_name_
0000:7c52+     trc_get_err_name_
0000:7cbd+     trc_err_dump1_
0000:7ce6+     trc_err_dump2_
0000:8399+     trc_cht_types_
0000:83e4      trc_cht_
0000:8579+     trc_cht_dump0_
0000:85bd+     trc_cht_dump1_
0000:85f7+     trc_cht_dump2_
0000:8caf      trc_llt_
0000:8d99+     trc_llt_dump0_
0000:8de0+     trc_llt_dump1_
0000:8e25+     trc_llt_dump2_
0000:957f      trc_ClearTrace_
0000:9621      trc_ShowAll_
1eeb:581e+     _trc_CmdCodeNdx
Module: ATALIB.obj(C:\watcom\ATACMD\src\ATALIB.c)
1eeb:32ca+     _ukMulti
1eeb:32cc      _ukQuietMode
1eeb:32ce      _ukPrintOutput
1eeb:32d0+     _ukTotalErrors
1eeb:32d2+     _uIRQNum
1eeb:32d4+     _uActiveDeviceIndex
1eeb:32d6      _ukReturnValue1
1eeb:32d8      _ukReturnValue2
1eeb:32da+     _ukReturnValue3
1eeb:32dc+     _ukReturnValue4
1eeb:32de+     _ukReturnValue5
0000:972b+     SendNonDataCommand_
0000:9774+     SendLBA28DataInCommand_
0000:97f4+     SendLBA48DataInCommand_
0000:987c+     SendLBA28DataOutCommand_
0000:98ec+     SendLBA48DataOutCommand_
0000:9964+     SendLBA48DMACommand_
0000:9a81+     SendLBA28DMACommand_
0000:9b8d      IdentifyDevice_
0000:9c16+     DeviceConfigurationIdentify_
0000:9ca0      ATALIB_Initialize_
0000:9ce8      ATALIB_CleanUp_
0000:9d07      GetSerialNumber_
0000:9deb+     PrintSerialNumber_
0000:9e3a      GetFirmwareRevision_
0000:9f14+     PrintFirmwareRevision_
0000:9f63      GetModelString_
0000:a03d      PrintModelString_
0000:a08c+     Check48BitAddressingSupported_
0000:a0d9+     CheckHPASupported_
0000:a126+     CheckDCOSupported_
0000:a173+     CheckSecuritySupported_
0000:a1b6+     CheckEnhancedSecureEraseSupported_
0000:a1f9      GetMaxLBAFromIdentifyDevice_
0000:a413      GetMaxLBAFromReadNativeMax_
0000:a525      GetMaxLBAFromDCO_
0000:a68b+     CheckHPASet_
0000:a6f1+     ReadNativeMaxAddress_
0000:a7ae+     SetMaxAddress_
0000:a87a      SetHPA_
0000:a8d8      RemoveHPA_
0000:a97d      ChangeSecuritySupportViaDCO_
0000:aa86      ChangeDriveCapacityViaDCO_
0000:ad35      DeviceConfigurationRestore_
0000:ad96+     CheckSecurityEnabled_
0000:add9+     CheckSecurityLocked_
0000:ae1c+     CheckSecurityFrozen_
0000:ae5f+     CheckSecurityCountExpired_
0000:aea2+     CheckSecurityLevel_
0000:aee8      SecurityUnlockPassword_
0000:afc6      SecurityDisablePassword_
0000:b0a4      SecuritySetPassword_
0000:b19f      GetEstimatedSecureEraseTimesInMin_
0000:b1e8      SecureErase_
0000:b2e8+     WriteSectors_
0000:b457      WriteSectorsInLBA48_
0000:b4bd+     WriteSectorsInLBA28_
0000:b523+     WriteSectorsInCHS_
0000:b585+     WriteDMA_
0000:b64a+     ReadSectors_
0000:b7b9      ReadSectorsInLBA48_
0000:b81f+     ReadSectorsInLBA28_
0000:b885+     ReadSectorsInCHS_
0000:b8e7      ReadDMA_
0000:b9ae      SoftwareReset_
0000:ba04+     ReadLogEXT_
0000:bad1+     WriteLogEXT_
0000:bb9e+     CheckStatusAndErrorRegisters_
0000:bc20+     PrintString_
0000:bd8d+     PrintFailMessage_
0000:bdca+     PrintStatusAndErrorRegisters_
0000:be10+     PrintBuffer_
0000:bfe9      PrintDataBufferHex_
0000:c01e+     GetIDWord_
0000:c083      GetDriveSecurityState_
0000:c0b1+     PrintDriveSecurityState_
0000:c1c3+     HandleError_
0000:c206      SendATACommand_
0000:c5dd+     EnableInterrupt_
0000:c6b8+     DisableInterrupt_
0000:c6d8+     EnablePCIDMA_
0000:c796+     EnableISADMA_
0000:c826+     ScanForStorageDevices_
0000:cc99+     SetActiveDevice_
0000:cd6e      DisplayConnectedATAStorageDevices_
0000:cf6f      PrintPCIDeviceInfo_
0000:d056      GetSmartAttributes_
1eeb:32e0+     _ukReturnValue6
1eeb:32e2      _ugReturnValue1
1eeb:32e6+     _ugReturnValue2
1eeb:32ea      _ugReturnValue3
1eeb:32ee+     _ugReturnValue4
1eeb:32f2+     _ugReturnValue5
1eeb:32f6+     _upPrintString
1eeb:591e+     _wtStorageDevices
1eeb:5a5e+     _wcMaxLBA
1eeb:5a66+     _upBufferPtr
1eeb:5a6a+     _upLog
1eeb:5a6e+     _ukDevicePosition
1eeb:5a70+     _wcDriveString
1eeb:5a73+     _wcUserReply
1eeb:5a78+     _wcPasswordString
1eeb:5a99+     _wcDisclaimerReply
1eeb:5a9e+     _wcPrintBuffer
16d0:01b0      _buffer
Module: display.obj(C:\watcom\ATACMD\src\display.c)
0000:d81b      Display_Initialize_
0000:d8a3      InstallClock_
0000:d92f      UninstallClock_
0000:d987+     Pause_
0000:da06      SaveScreen_
0000:da6b      RestoreScreen_
0000:dad9      DisplayBuffer_
0000:e0f2      DisplayATACommandHistory_
0000:e25e      DisplayATARegs_
0000:e68e      GetATACommandParameters_
Module: tools.obj(C:\watcom\ATACMD\src\tools.c)
0000:ead6      DumpLine_
0000:eb17+     RemovePadding_
0000:ebcb      RemoveTrailingSpaces_
0000:ec39      StringCompareIgnoreCase_
0000:ecc0      GetTime_
Module: C:\WATCOM/lib286/dos\clibl.lib(stk)
0ed8:0005      __STK
0ed8:0025*     __STKOVERFLOW_
Module: C:\WATCOM/lib286/dos\clibl.lib(printf.c)
0ed8:0042      printf_
Module: C:\WATCOM/lib286/dos\clibl.lib(memset.c)
0ed8:0071      memset_
Module: C:\WATCOM/lib286/dos\clibl.lib(strlen.c)
0ed8:0088      strlen_
Module: C:\WATCOM/lib286/dos\clibl.lib(strtol.c)
0ed8:02e5*     strtoul_
0ed8:02f7      strtol_
Module: C:\WATCOM/lib286/dos\clibl.lib(system.c)
0ed8:0300      system_
Module: C:\WATCOM/lib286/dos\clibl.lib(getch.c)
0ed8:037b      getch_
Module: C:\WATCOM/lib286/dos\clibl.lib(scanf.c)
0ed8:03f7+     vscanf_
0ed8:0425      scanf_
Module: C:\WATCOM/lib286/dos\clibl.lib(iob.c)
1eeb:338a      ___iob
1eeb:34f2      __fmode
1eeb:6af0      ___OpenStreams
1eeb:6af4      ___ClosedStreams
Module: C:\WATCOM/lib286/dos\clibl.lib(fflush.c)
0ed8:044d      fflush_
Module: C:\WATCOM/lib286/dos\clibl.lib(fgetc.c)
0ed8:0462+     __fill_buffer_
0ed8:0531+     __filbuf_
0ed8:0555      fgetc_
Module: C:\WATCOM/lib286/dos\clibl.lib(cstart)
1eeb:0000*     __nullarea
1eeb:34f4*     __ovlflag
1eeb:34f5*     __intno
1eeb:34f6*     __ovlvec
0ed8:05f6      _cstart_
0ed8:06c9*     _Not_Enough_Memory_
0ed8:07cf      __exit_
0ed8:07ee      __do_exit_with_msg__
0ed8:084c      __GETDS
Module: C:\WATCOM/lib286/dos\clibl.lib(cmodel)
0ed8:0856      _big_code_
0ed8:0856*     CodeModelMismatch
Module: C:\WATCOM/lib286/dos\clibl.lib(inp.c)
0ed8:0856      inp_
Module: C:\WATCOM/lib286/dos\clibl.lib(outp.c)
0ed8:085e      outp_
Module: C:\WATCOM/lib286/dos\clibl.lib(disable.c)
0ed8:0868      _disable_
Module: C:\WATCOM/lib286/dos\clibl.lib(d_setvec.c)
0ed8:086a      _dos_setvect_
Module: C:\WATCOM/lib286/dos\clibl.lib(enable.c)
0ed8:0877      _enable_
Module: C:\WATCOM/lib286/dos\clibl.lib(d_getvec.c)
0ed8:0879      _dos_getvect_
Module: C:\WATCOM/lib286/dos\clibl.lib(intx086.c)
0ed8:0884+     int86x_
0ed8:091d      int86_
Module: C:\WATCOM/lib286/dos\clibl.lib(outpw.c)
0ed8:094a      outpw_
Module: C:\WATCOM/lib286/dos\clibl.lib(i4d)
0ed8:0954      __I4D
0ed8:09a3      __U4D
Module: C:\WATCOM/lib286/dos\clibl.lib(memcpy.c)
0ed8:0a27      memcpy_
Module: C:\WATCOM/lib286/dos\clibl.lib(i4m)
0ed8:0a4a      __I4M
0ed8:0a4a      __U4M
Module: C:\WATCOM/lib286/dos\clibl.lib(strcat.c)
0ed8:0a62      strcat_
Module: C:\WATCOM/lib286/dos\clibl.lib(sprintf.c)
0ed8:0a8d      sprintf_
Module: C:\WATCOM/lib286/dos\clibl.lib(strcpy.c)
0ed8:0abc      strcpy_
Module: C:\WATCOM/lib286/dos\clibl.lib(kbhit.c)
0ed8:0b07      kbhit_
Module: C:\WATCOM/lib286/dos\clibl.lib(fmalloc.c)
0ed8:0b1d      _fmalloc_
0ed8:0b1d      malloc_
1eeb:34fa+     ___fheap
1eeb:34fc      ___fheapRover
1eeb:34fe      ___LargestSizeB4Rover
Module: C:\WATCOM/lib286/dos\clibl.lib(fopen.c)
0ed8:0c2a+     __open_flags_
0ed8:0e2a+     _fsopen_
0ed8:0e91      fopen_
0ed8:0f6c*     freopen_
Module: C:\WATCOM/lib286/dos\clibl.lib(fprintf.c)
0ed8:0fe2      fprintf_
Module: C:\WATCOM/lib286/dos\clibl.lib(fclose.c)
0ed8:1011      __doclose_
0ed8:10c2      __shutdown_stream_
0ed8:10dc      fclose_
1eeb:6af8+     ___RmTmpFileFn
Module: C:\WATCOM/lib286/dos\clibl.lib(toupper.c)
0ed8:1127      toupper_
Module: C:\WATCOM/lib286/dos\clibl.lib(tolower.c)
0ed8:1135      tolower_
Module: C:\WATCOM/lib286/dos\clibl.lib(time.c)
0ed8:1143      time_
Module: C:\WATCOM/lib286/dos\clibl.lib(localtim.c)
0ed8:118e      _localtime_
0ed8:121d      localtime_
Module: C:\WATCOM/lib286/dos\clibl.lib(asctime.c)
0ed8:1246+     _asctime_
0ed8:1362      asctime_
0ed8:1371*     _ctime_
0ed8:1391*     ctime_
Module: C:\WATCOM/lib286/dos\clibl.lib(xmsg.c)
0ed8:13a0*     __exit_with_msg_
0ed8:13a5      __fatal_runtime_error_
Module: C:\WATCOM/lib286/dos\clibl.lib(crwdata)
1eeb:3500      __curbrk
1eeb:3508      __STACKLOW
1eeb:350a      __STACKTOP
1eeb:350c      __cbyte
1eeb:350e      __child
1eeb:3510      __no87
1eeb:351e      ___FPE_handler
1eeb:3502      __psp
1eeb:3512      __get_ovl_stack
1eeb:3516      __restore_ovl_stack
1eeb:351a      __close_ovl_file
1eeb:3522      __LpCmdLine
1eeb:3526      __LpPgmName
1eeb:3504      __osmajor
1eeb:3505      __osminor
1eeb:3506      __osmode
1eeb:3507      __HShift
Module: C:\WATCOM/lib286/dos\clibl.lib(fprtf.c)
0ed8:13de      __fprtf_
Module: C:\WATCOM/lib286/dos\clibl.lib(istable.c)
1eeb:2c00      __IsTable
Module: C:\WATCOM/lib286/dos\clibl.lib(seterrno.c)
0ed8:14a9      __set_errno_
0ed8:14bd*     __set_EDOM_
0ed8:14cf*     __set_ERANGE_
0ed8:14e1*     __set_EINVAL_
0ed8:14f6      __set_doserrno_
Module: C:\WATCOM/lib286/dos\clibl.lib(getenv.c)
0ed8:1502      getenv_
Module: C:\WATCOM/lib286/dos\clibl.lib(_slashc.c)
0ed8:15c7      __Slash_C_
Module: C:\WATCOM/lib286/dos\clibl.lib(splp.c)
0ed8:15f3      spawnlp_
Module: C:\WATCOM/lib286/dos\clibl.lib(ungetc.c)
0ed8:1611      ungetc_
Module: C:\WATCOM/lib286/dos\clibl.lib(scnf.c)
0ed8:25c9      __scnf_
Module: C:\WATCOM/lib286/dos\clibl.lib(initfile.c)
0ed8:2857      __InitFiles_
Module: C:\WATCOM/lib286/dos\clibl.lib(ioexit.c)
0ed8:29a5*     fcloseall_
0ed8:29ac      __full_io_exit_
Module: C:\WATCOM/lib286/dos\clibl.lib(flushall.c)
0ed8:29b6      __flushall_
0ed8:2a13      flushall_
Module: C:\WATCOM/lib286/dos\clibl.lib(flush.c)
0ed8:2a18      __flush_
Module: C:\WATCOM/lib286/dos\clibl.lib(gtche.c)
0ed8:2b4b      getche_
Module: C:\WATCOM/lib286/dos\clibl.lib(ioalloc.c)
0ed8:2b65      __ioalloc_
Module: C:\WATCOM/lib286/dos\clibl.lib(qread.c)
0ed8:2bff      __qread_
Module: C:\WATCOM/lib286/dos\clibl.lib(cmain086.c)
0ed8:2c1f      __CMain
Module: C:\WATCOM/lib286/dos\clibl.lib(initrtns.c)
0ed8:2c85      __InitRtns
0ed8:2c85*     __FInitRtns
0ed8:2ce0      __FiniRtns
0ed8:2ce0*     __FFiniRtns
Module: C:\WATCOM/lib286/dos\clibl.lib(dosseg)
0ed8:2d44      __DOSseg__
Module: C:\WATCOM/lib286/dos\clibl.lib(intr.c)
0ed8:2d45      intr_
Module: C:\WATCOM/lib286/dos\clibl.lib(segread.c)
0ed8:2d59      segread_
Module: C:\WATCOM/lib286/dos\clibl.lib(vsprintf.c)
0ed8:2d92      vsprintf_
Module: C:\WATCOM/lib286/dos\clibl.lib(hpgrw086.c)
0ed8:2dbd      __CMain_nheapgrow_
Module: C:\WATCOM/lib286/dos\clibl.lib(mem.c)
0ed8:2dd0      __MemAllocator
0ed8:2e9a      __MemFree
Module: C:\WATCOM/lib286/dos\clibl.lib(growseg.c)
0ed8:2ff7      __GrowSeg_
Module: C:\WATCOM/lib286/dos\clibl.lib(allocseg.c)
0ed8:30e9      __AllocSeg_
Module: C:\WATCOM/lib286/dos\clibl.lib(fmemneed.c)
0ed8:3180      __fmemneed_
Module: C:\WATCOM/lib286/dos\clibl.lib(nmalloc.c)
0ed8:3183      _nmalloc_
1eeb:352a      ___nheapbeg
1eeb:352c      ___MiniHeapRover
1eeb:352e      ___LargestSizeB4MiniHeapRover
Module: C:\WATCOM/lib286/dos\clibl.lib(comtflag.c)
0ed8:325d*     __set_commode_
1eeb:3530      __commode
Module: C:\WATCOM/lib286/dos\clibl.lib(open.c)
0ed8:3469*     open_
0ed8:34a0      sopen_
Module: C:\WATCOM/lib286/dos\clibl.lib(fseek.c)
0ed8:3538      fseek_
Module: C:\WATCOM/lib286/dos\clibl.lib(chktty.c)
0ed8:3696      __chktty_
Module: C:\WATCOM/lib286/dos\clibl.lib(freefp.c)
0ed8:36c1      __freefp_
0ed8:373c      __purgefp_
Module: C:\WATCOM/lib286/dos\clibl.lib(allocfp.c)
0ed8:377d      __allocfp_
Module: C:\WATCOM/lib286/dos\clibl.lib(lseekdos.c)
0ed8:389f      __lseek_
Module: C:\WATCOM/lib286/dos\clibl.lib(_clse.c)
0ed8:38dd      __close_
Module: C:\WATCOM/lib286/dos\clibl.lib(ffree.c)
0ed8:3910      _ffree_
0ed8:3910      free_
Module: C:\WATCOM/lib286/dos\clibl.lib(gtctm.c)
0ed8:3956      __getctime_
Module: C:\WATCOM/lib286/dos\clibl.lib(mktime.c)
0ed8:39df      mktime_
Module: C:\WATCOM/lib286/dos\clibl.lib(tzset.c)
1eeb:3532      ___start_dst
1eeb:3544      ___end_dst
1eeb:3658*     _tzname
1eeb:3660      _timezone
1eeb:3664      _daylight
1eeb:3666      ___dst_adjust
0ed8:3a99*     __DontCacheOSTZ_
0ed8:3ab2*     __CacheOSTZ_
0ed8:3d5f+     __parse_tz_
0ed8:3e74      tzset_
Module: C:\WATCOM/lib286/dos\clibl.lib(gmtime.c)
0ed8:3ee8      __brktime_
0ed8:404b+     _gmtime_
0ed8:406f*     gmtime_
Module: C:\WATCOM/lib286/dos\clibl.lib(timeutil.c)
0ed8:41ad      __isindst_
Module: C:\WATCOM/lib286/dos\clibl.lib(enterdb.c)
0ed8:44a0      __EnterWVIDEO_
1eeb:366a+     ___WD_Present
Module: C:\WATCOM/lib286/dos\clibl.lib(fputc.c)
0ed8:44c4      fputc_
Module: C:\WATCOM/lib286/dos\clibl.lib(prtf.c)
0ed8:4594      __prtf_
Module: C:\WATCOM/lib286/dos\clibl.lib(errno.c)
0ed8:5365      __get_errno_ptr_
0ed8:536c      __get_doserrno_ptr_
1eeb:6b3a+     _errno
1eeb:6b3c+     __doserrno
Module: C:\WATCOM/lib286/dos\clibl.lib(environ.c)
1eeb:6b3e      ___env_mask
1eeb:6b42      _environ
1eeb:6b46*     __wenviron
Module: C:\WATCOM/lib286/dos\clibl.lib(mbterm.c)
0ed8:5373      _mbterm_
Module: C:\WATCOM/lib286/dos\clibl.lib(mbsnextc.c)
0ed8:53b5      _mbsnextc_
Module: C:\WATCOM/lib286/dos\clibl.lib(mbcupper.c)
0ed8:53e6      _mbctoupper_
Module: C:\WATCOM/lib286/dos\clibl.lib(mbsinc.c)
0ed8:5409      _mbsinc_
Module: C:\WATCOM/lib286/dos\clibl.lib(spvp.c)
0ed8:5445      spawnvp_
Module: C:\WATCOM/lib286/dos\clibl.lib(mbisdbcs.c)
1eeb:6b4a      ___IsDBCS
Module: C:\WATCOM/lib286/dos\clibl.lib(mbislead.c)
0ed8:5466*     _ismbblead_
1eeb:6b4c      ___MBCSIsTable
Module: C:\WATCOM/lib286/dos\clibl.lib(mbtowc.c)
0ed8:5482      mbtowc_
Module: C:\WATCOM/lib286/dos\clibl.lib(bits.c)
1eeb:2d02      __Bits
Module: C:\WATCOM/lib286/dos\clibl.lib(fdfs086)
0ed8:5584      __FDFS
Module: C:\WATCOM/lib286/dos\clibl.lib(noefgfmt.c)
1eeb:366c      ___EFG_printf
1eeb:3670      ___EFG_scanf
Module: C:\WATCOM/lib286/dos\clibl.lib(i8m086)
0ed8:55f9*     __I8M
0ed8:55f9      __U8M
0ed8:55de*     __I8ME
0ed8:55de*     __U8ME
Module: C:\WATCOM/lib286/dos\clibl.lib(qwrit.c)
0ed8:5743      __qwrite_
Module: C:\WATCOM/lib286/dos\clibl.lib(fsync.c)
0ed8:57a0      fsync_
Module: C:\WATCOM/lib286/dos\clibl.lib(dosret.c)
0ed8:57a5      _dosretax_
0ed8:57aa*     _dosret0_
0ed8:57b1      __set_errno_dos_
Module: C:\WATCOM/lib286/dos\clibl.lib(___argc.c)
1eeb:6c4e      ____Argv
1eeb:6c52      ____Argc
Module: C:\WATCOM/lib286/dos\clibl.lib(amblksiz.c)
1eeb:3688      __amblksiz
Module: C:\WATCOM/lib286/dos\clibl.lib(exit.c)
0ed8:580f+     __null_int23_exit_
0ed8:5810      exit_
0ed8:5841*     _exit_
1eeb:368a+     ___int23_exit
1eeb:368e+     ___FPE_handler_exit
Module: C:\WATCOM/lib286/dos\clibl.lib(sgdef086)
1eeb:370a      __Start_XI
1eeb:3728      __End_XI
1eeb:3728      __Start_YI
1eeb:373a      __End_YI
Module: C:\WATCOM/lib286/dos\clibl.lib(dointr)
0ed8:585a      _DoINTR_
Module: C:\WATCOM/lib286/dos\clibl.lib(heapgrow.c)
0ed8:5bd3*     _heapgrow_
0ed8:5bd3*     _fheapgrow_
0ed8:5bd4      _nheapgrow_
Module: C:\WATCOM/lib286/dos\clibl.lib(heapen.c)
0ed8:5c4e*     _heapenable_
1eeb:3692      ___heap_enabled
Module: C:\WATCOM/lib286/dos\clibl.lib(nmemneed.c)
0ed8:5c5f      __nmemneed_
Module: C:\WATCOM/lib286/dos\clibl.lib(grownear.c)
0ed8:5ce7      __LastFree_
0ed8:5d61      __ExpandDGROUP_
Module: C:\WATCOM/lib286/dos\clibl.lib(iomode.c)
0ed8:5e72      __GetIOMode_
0ed8:5e97      __SetIOMode_nogrow_
1eeb:3694      ___NFiles
1eeb:3696      ___init_mode
1eeb:36be      ___io_mode
Module: C:\WATCOM/lib286/dos\clibl.lib(isatt.c)
0ed8:5eba      isatty_
Module: C:\WATCOM/lib286/dos\clibl.lib(umaskval.c)
1eeb:36c2      ___umaskval
Module: C:\WATCOM/lib286/dos\clibl.lib(stiomode.c)
0ed8:5ed6+     __grow_iomode_
0ed8:5f99+     __shrink_iomode_
0ed8:5fd4      __SetIOMode_
Module: C:\WATCOM/lib286/dos\clibl.lib(lseek.c)
0ed8:6037      lseek_
Module: C:\WATCOM/lib286/dos\clibl.lib(tell.c)
0ed8:6068      tell_
Module: C:\WATCOM/lib286/dos\clibl.lib(nfree.c)
0ed8:6079      _nfree_
1eeb:6c56+     ___MiniHeapFreeRover
Module: C:\WATCOM/lib286/dos\clibl.lib(locmktim.c)
0ed8:6174      __local_mktime_
Module: C:\WATCOM/lib286/dos\clibl.lib(leapyear.c)
0ed8:633b      __leapyear_
1eeb:2b40      ___diyr
1eeb:2b5a      ___dilyr
Module: C:\WATCOM/lib286/dos\clibl.lib(wctomb.c)
0ed8:6365      wctomb_
Module: C:\WATCOM/lib286/dos\clibl.lib(itoa.c)
0ed8:638e+     utoa_
0ed8:63eb      itoa_
Module: C:\WATCOM/lib286/dos\clibl.lib(strupr.c)
0ed8:640f      strupr_
Module: C:\WATCOM/lib286/dos\clibl.lib(lltoa.c)
0ed8:6431      ulltoa_
0ed8:6516*     lltoa_
Module: C:\WATCOM/lib286/dos\clibl.lib(ltoa.c)
0ed8:6578      ultoa_
0ed8:65e7*     ltoa_
Module: C:\WATCOM/lib286/dos\clibl.lib(setenvp.c)
0ed8:6634      __setenvp_
0ed8:6737      __freeenvp_
Module: C:\WATCOM/lib286/dos\clibl.lib(mbinit.c)
0ed8:67d3      __mbinit_
1eeb:36c4      ___MBCodePage
Module: C:\WATCOM/lib286/dos\clibl.lib(mbdtoupp.c)
0ed8:68ae      _mbdtoupper_
Module: C:\WATCOM/lib286/dos\clibl.lib(spvpe.c)
0ed8:68bc      spawnvpe_
Module: C:\WATCOM/lib286/dos\clibl.lib(dosfile)
0ed8:6a3a*     _dos_close_
0ed8:6a48      _dos_commit_
0ed8:6a57*     _dos_open_
Module: C:\WATCOM/lib286/dos\clibl.lib(sbrk.c)
0ed8:6a7c*     sbrk_
0ed8:6a8c      __brk_
Module: C:\WATCOM/lib286/dos\clibl.lib(frealloc.c)
0ed8:6af6*     _frealloc_
0ed8:6af6      realloc_
Module: C:\WATCOM/lib286/dos\clibl.lib(iomodtty.c)
0ed8:6bd2      __ChkTTYIOMode_
0ed8:6c10*     __IOMode_
Module: C:\WATCOM/lib286/dos\clibl.lib(alphabet.c)
1eeb:2b7a      ___Alphabet
Module: C:\WATCOM/lib286/dos\clibl.lib(clearenv.c)
0ed8:6c20      clearenv_
Module: C:\WATCOM/lib286/dos\clibl.lib(spve.c)
0ed8:6d6c      spawnve_
Module: C:\WATCOM/lib286/dos\clibl.lib(strchr.c)
0ed8:7153      strchr_
Module: C:\WATCOM/lib286/dos\clibl.lib(doserror)
0ed8:7172      __doserror_
Module: C:\WATCOM/lib286/dos\clibl.lib(fmsize.c)
0ed8:7184*     _msize_
0ed8:7184      _fmsize_
Module: C:\WATCOM/lib286/dos\clibl.lib(nexpand.c)
0ed8:7195      __HeapManager_expand_
0ed8:730c      _nexpand_
Module: C:\WATCOM/lib286/dos\clibl.lib(fexpand.c)
0ed8:735f      _fexpand_
0ed8:735f*     _expand_
Module: C:\WATCOM/lib286/dos\clibl.lib(dosfind)
0ed8:7394      _dos_findfirst_
0ed8:73b9*     _dos_findnext_
0ed8:73cf*     _dos_findclose_
Module: C:\WATCOM/lib286/dos\clibl.lib(cenvarg.c)
0ed8:73ec      __cenvarg_
0ed8:75d8      __ccmdline_
Module: C:\WATCOM/lib286/dos\clibl.lib(dospawn)
0ed8:7669      __dospawn
Module: C:\WATCOM/lib286/dos\clibl.lib(execaddr.c)
0ed8:7751      __execaddr_
1eeb:36fe+     ___Exec_addr
Module: C:\WATCOM/lib286/dos\clibl.lib(stack086.c)
0ed8:775e      stackavail_
Module: C:\WATCOM/lib286/dos\clibl.lib(split2.c)
0ed8:77e6      _splitpath2_
Module: C:\WATCOM/lib286/dos\clibl.lib(save8087.c)
1eeb:3702      ___Save8087
1eeb:3706      ___Rest8087
Module: C:\WATCOM/lib286/dos\clibl.lib(dosmem)
0ed8:7998      _dos_allocmem_
0ed8:79ba      _dos_freemem_
0ed8:79c8*     _dos_setblock_
Module: C:\WATCOM/lib286/dos\clibl.lib(fmemcpy.c)
0ed8:79e4      _fmemcpy_
Module: C:\WATCOM/lib286/dos\clibl.lib(makepath.c)
0ed8:7a20      _makepath_
Module: C:\WATCOM/lib286/dos\clibl.lib(stricmp.c)
0ed8:7c6c      stricmp_
Module: C:\WATCOM/lib286/dos\clibl.lib(spl.c)
0ed8:7ca9      spawnl_
Module: C:\WATCOM/lib286/dos\clibl.lib(bfree.c)
0ed8:7cd4      _bfree_
Module: C:\WATCOM/lib286/dos\clibl.lib(bexpand.c)
0ed8:7cf9      _bexpand_
Module: C:\WATCOM/lib286/dos\clibl.lib(mbsnccnt.c)
0ed8:7d52      _mbsnccnt_
Module: C:\WATCOM/lib286/dos\clibl.lib(mbsncpy.c)
0ed8:7d86      _mbsncpy_
Module: C:\WATCOM/lib286/dos\clibl.lib(mbsnbcnt.c)
0ed8:7dbc      _mbsnbcnt_
Module: C:\WATCOM/lib286/dos\clibl.lib(mbconv.c)
0ed8:7e35      _mbvtop_
Module: C:\WATCOM/lib286/dos\clibl.lib(mbclen.c)
0ed8:7e4a      _mbclen_
Module: C:\WATCOM/lib286/dos\clibl.lib(mbsdec.c)
0ed8:7e78      _mbsdec_
Module: C:\WATCOM/lib286/dos\clibl.lib(mbsnbcpy.c)
0ed8:7f05      _mbsnbcpy_


                        +--------------------+
                        |   Libraries Used   |
                        +--------------------+

C:\WATCOM/lib286/dos\clibl.lib


                        +-----------------------+
                        |   Linker Statistics   |
                        +-----------------------+

Stack size:  0800 (2048.)
Memory size:  00026310 (156432.)
Entry point address: 0ed8:05f6
Link time: 00:00.47
