Open Watcom Linker Version 1.9
Portions Copyright (c) 1985-2002 Sybase, Inc. All Rights Reserved.
Created on:       14/11/03 13:23:04
Executable Image: Diag.exe
creating a DOS executable


                        +------------+
                        |   Groups   |
                        +------------+

Group                           Address              Size
=====                           =======              ====

DGROUP                          1c96:0000            00006dc0



                        +--------------+
                        |   Segments   |
                        +--------------+

Segment                Class          Group          Address         Size
=======                =====          =====          =======         ====

ATACMD_TEXT            CODE           AUTO           0000:0000       00001024
ATAIOINT_TEXT          CODE           AUTO           0000:1024       0000035f
ATAIOISA_TEXT          CODE           AUTO           0000:1383       00001122
ATAIOPCI_TEXT          CODE           AUTO           0000:24a5       0000144d
ATAIOPIO_TEXT          CODE           AUTO           0000:38f2       00000b69
ATAIOREG_TEXT          CODE           AUTO           0000:445b       000023cf
ATAIOSUB_TEXT          CODE           AUTO           0000:682a       00000772
ATAIOTMR_TEXT          CODE           AUTO           0000:6f9c       0000055c
ATAIOTRC_TEXT          CODE           AUTO           0000:74f8       00001af7
ATALIB_TEXT            CODE           AUTO           0000:8fef       0000351d
display_TEXT           CODE           AUTO           0000:c50c       0000104e
tools_TEXT             CODE           AUTO           0000:d55a       000001ea
_TEXT                  CODE           AUTO           0d75:0000       0000705b
ATAIOPCI13_DATA        FAR_DATA       AUTO           147b:0000       000001b0
ATALIB13_DATA          FAR_DATA       AUTO           147b:01b0       00008000
FAR_DATA               FAR_DATA       AUTO           1c96:0000       00000000
_NULL                  BEGDATA        DGROUP         1c96:0000       00000020
_AFTERNULL             BEGDATA        DGROUP         1c98:0000       00000002
CONST                  DATA           DGROUP         1c98:0002       000026f0
CONST2                 DATA           DGROUP         1f07:0002       0000010a
_DATA                  DATA           DGROUP         1f17:000c       0000088e
XIB                    DATA           DGROUP         1fa0:000a       00000000
XI                     DATA           DGROUP         1fa0:000a       0000001e
XIE                    DATA           DGROUP         1fa2:0008       00000000
YIB                    DATA           DGROUP         1fa2:0008       00000000
YI                     DATA           DGROUP         1fa2:0008       00000012
YIE                    DATA           DGROUP         1fa3:000a       00000000
STRINGS                DATA           DGROUP         1fa3:000a       00000000
DATA                   DATA           DGROUP         1fa3:000a       00000000
_BSS                   BSS            DGROUP         1fa3:000a       000034da
STACK                  STACK          DGROUP         22f2:0000       00000800


                        +----------------+
                        |   Memory Map   |
                        +----------------+

* = unreferenced symbol
+ = symbol only referenced locally

Address        Symbol
=======        ======

Module: ATACMD.obj(C:\watcom\ATACMD\src\ATACMD.c)
0000:0000+     InitializeParams_
0000:0033+     GetAndSendATACommand_
0000:00a8+     PrintDUTInfo_
0000:02ea+     ScanDrives_
0000:0353+     PrintSuccess_
0000:0399+     ATACommand_
0000:03f0+     SetDebugModeOn_
0000:0420+     SetDebugModeOff_
0000:0450+     ViewBuffer_
0000:0493+     DisplayATAInfo_
0000:04dc+     SecuritySetMasterPassword_
0000:0593+     SecuritySetUserPassword_
0000:0649+     SecurityUnlock_
0000:071a+     SecurityDisable_
0000:07eb+     RemoveHPAAndDCO_
0000:0884+     ATASecuritySupport_
0000:08d3+     ATASecurityUnsupport_
0000:0921+     DcoSetLBA_
0000:09b3+     HpaSetLBA_
0000:0a4d+     Reset_
0000:0a99+     Id_
0000:0ba5+     ReadPIO_
0000:0c57+     WritePIO_
0000:0d73+     DoCommand_
0000:0eab      main_
1c96:281c+     _wcCommand
1c96:286c+     _numAtacmdCommands
1c96:286e+     _wtAtacmdCommands
Module: ATAIOINT.obj(C:\watcom\ATACMD\src\ATAIOINT.C)
1c96:290e      _int_use_intr_flag
0000:1024+     int_enable_irq_
0000:1150+     int_disable_irq_
0000:11a2      int_save_int_vect_
0000:121c      int_restore_int_vect_
1c96:30de      _int_bmide_addr
1c96:30e0+     _int_intr_cntr
1c96:30e2+     _int_ata_addr
1c96:30e4      _int_intr_flag
1c96:30e6      _int_bm_status
1c96:30e7      _int_ata_status
Module: ATAIOISA.obj(C:\watcom\ATACMD\src\ATAIOISA.C)
0000:169d+     dma_isa_config_
0000:1baf+     dma_isa_chs_
0000:1c8a+     dma_isa_lba28_
0000:1d5f+     dma_isa_lba48_
0000:1e38+     dma_isa_packet_
Module: ATAIOPCI.obj(C:\watcom\ATACMD\src\ATAIOPCI.C)
1c96:310e+     _dma_pci_largeMaxS
1c96:3112+     _dma_pci_prd_ptr
1c96:3116+     _dma_pci_largePrdBufPtr
1c96:311a+     _dma_pci_largeMaxB
1c96:311e+     _dma_pci_largeIoBufPtr
1c96:3122+     _dma_pci_num_prd
1c96:3124+     _dma_pci_prd_type
0000:24a5+     GetPciByte_
0000:251a      GetPciWord_
0000:259c      GetPciClassCode_
0000:25d4      GetPciSubClassCode_
0000:2977+     dma_pci_config_
0000:2abb+     dma_pci_set_max_xfer_
0000:3055+     dma_pci_chs_
0000:3123      dma_pci_lba28_
0000:31eb      dma_pci_lba48_
0000:32b7+     dma_pci_packet_
Module: ATAIOPIO.obj(C:\watcom\ATACMD\src\ATAIOPIO.C)
0000:38f2      pio_set_iobase_addr_
0000:3999+     pio_set_memory_addr_
0000:3a45      pio_inbyte_
0000:3ac0      pio_outbyte_
0000:3b35+     pio_inword_
0000:3ba3+     pio_outword_
0000:3c09      pio_drq_block_in_
0000:3f11      pio_drq_block_out_
0000:4219+     pio_rep_inbyte_
0000:4279+     pio_rep_outbyte_
0000:42d9+     pio_rep_inword_
0000:4339+     pio_rep_outword_
0000:4399+     pio_rep_indword_
0000:43fa+     pio_rep_outdword_
1c96:292a+     _pio_base_addr1
1c96:292c+     _pio_base_addr2
1c96:292e+     _pio_memory_seg
1c96:2930+     _pio_memory_dt_opt
1c96:2932      _pio_bmide_base_addr
1c96:2934+     _pio_xfer_width
1c96:3128+     _pio_reg_addrs
1c96:313c+     _pio_last_read
1c96:3146+     _pio_last_write
Module: ATAIOREG.obj(C:\watcom\ATACMD\src\ATAIOREG.C)
1c96:3150      _reg_atapi_cp_data
1c96:3160+     _tATACommands
1c96:3688+     _reg_slow_xfer_flag
1c96:368c+     _reg_drq_block_call_back
1c96:3690      _reg_buffer_size
1c96:3694      _reg_config_info
1c96:3698      _reg_cmd_info
1c96:36d6      _reg_incompat_flags
1c96:36d8      _reg_atapi_delay_flag
0000:445b      GetLastATACommandIndex_
0000:44b3      GetPreviousATACommand_
0000:44f8+     UpdateATACommandHistory_
0000:469e      reg_config_
0000:4a95      reg_reset_
0000:4ff3      reg_non_data_chs_
0000:50ad      reg_non_data_lba28_
0000:5161      reg_non_data_lba48_
0000:55f8      reg_pio_data_in_chs_
0000:5705      reg_pio_data_in_lba28_
0000:580c      reg_pio_data_in_lba48_
0000:5d53      reg_pio_data_out_chs_
0000:5e5a      reg_pio_data_out_lba28_
0000:5f5b      reg_pio_data_out_lba48_
0000:6060+     reg_packet_
1c96:2936+     _uNumberOfATACommands
1c96:36da      _reg_atapi_cp_size
1c96:36dc      _reg_atapi_reg_fr
1c96:36dd      _reg_atapi_reg_sn
1c96:36de      _reg_atapi_reg_dh
1c96:36df      _reg_atapi_reg_sc
Module: ATAIOSUB.obj(C:\watcom\ATACMD\src\ATAIOSUB.C)
0000:682a      sub_zero_return_data_
0000:6861      sub_setup_command_
0000:6a69      sub_trace_command_
0000:6c37      sub_select_
0000:6e70      sub_readBusMstrCmd_
0000:6ebd      sub_readBusMstrStatus_
0000:6f0d      sub_writeBusMstrCmd_
0000:6f53      sub_writeBusMstrStatus_
Module: ATAIOTMR.obj(C:\watcom\ATACMD\src\ATAIOTMR.C)
0000:6f9c      tmr_get_command_timeout_
0000:6fc9      tmr_set_command_timeout_
0000:6ff8      tmr_read_bios_timer_
0000:7047      tmr_set_timeout_
0000:7073      tmr_chk_timeout_
0000:718a      tmr_get_delay_counts_
0000:733c      tmr_delay_1ms_
0000:73a3      tmr_delay_1us_
0000:740a      tmr_delay_ata_
0000:745f      tmr_delay_atapi_
0000:74af      tmr_delay_xfer_
1c96:2938+     _tmr_time_out
1c96:36e0+     _tmr_1us_count
1c96:36e4+     _tmr_1s_count
1c96:36e8+     _tmr_500ns_count
1c96:36ec+     _tmr_1ms_count
1c96:36f0+     _tmr_cmd_start_time
Module: ATAIOTRC.obj(C:\watcom\ATACMD\src\ATAIOTRC.C)
0000:74f8+     trc_get_type_name_
0000:7572+     trc_get_cmd_name_
0000:75ce+     trc_get_st_bit_name_
0000:764d+     trc_get_er_bit_name_
0000:76c2+     trc_get_err_name_
0000:772d+     trc_err_dump1_
0000:7756+     trc_err_dump2_
0000:7e09+     trc_cht_types_
0000:7e54      trc_cht_
0000:7fe9+     trc_cht_dump0_
0000:802d+     trc_cht_dump1_
0000:8067+     trc_cht_dump2_
0000:871f      trc_llt_
0000:8809+     trc_llt_dump0_
0000:8850+     trc_llt_dump1_
0000:8895+     trc_llt_dump2_
1c96:51bc+     _trc_CmdCodeNdx
Module: ATALIB.obj(C:\watcom\ATACMD\src\ATALIB.c)
1c96:2da6+     _ukMulti
1c96:2da8      _ukQuietMode
1c96:2daa      _ukPrintOutput
1c96:2dac+     _ukTotalErrors
1c96:2dae      _ukReturnValue1
1c96:2db0      _ukReturnValue2
1c96:2db2+     _ukReturnValue3
1c96:2db4+     _ukReturnValue4
1c96:2db6+     _ukReturnValue5
1c96:2db8+     _ukReturnValue6
1c96:2dba      _ugReturnValue1
0000:8fef+     SendNonDataCommand_
0000:9038+     SendLBA28DataInCommand_
0000:90b8+     SendLBA48DataInCommand_
0000:9140+     SendLBA28DataOutCommand_
0000:91b0+     SendLBA48DataOutCommand_
0000:9228      IdentifyDevice_
0000:92b1+     DeviceConfigurationIdentify_
0000:933b      ATALIB_Initialize_
0000:9383      GetSerialNumber_
0000:9467+     PrintSerialNumber_
0000:94b6      GetFirmwareRevision_
0000:9590+     PrintFirmwareRevision_
0000:95df      GetModelString_
0000:96b9      PrintModelString_
0000:9708+     Check48BitAddressingSupported_
0000:9755+     CheckHPASupported_
0000:97a2+     CheckDCOSupported_
0000:97ef+     CheckSecuritySupported_
0000:9832+     CheckEnhancedSecureEraseSupported_
0000:9875      GetMaxLBAFromIdentifyDevice_
0000:9a8f      GetMaxLBAFromReadNativeMax_
0000:9ba1      GetMaxLBAFromDCO_
0000:9d07+     CheckHPASet_
0000:9d6d+     ReadNativeMaxAddress_
0000:9e2a+     SetMaxAddress_
0000:9ef6      SetHPA_
0000:9f54      RemoveHPA_
0000:9ff9      ChangeSecuritySupportViaDCO_
0000:a102      ChangeDriveCapacityViaDCO_
0000:a3b1      DeviceConfigurationRestore_
0000:a412+     CheckSecurityEnabled_
0000:a455+     CheckSecurityLocked_
0000:a498+     CheckSecurityFrozen_
0000:a4db+     CheckSecurityCountExpired_
0000:a51e+     CheckSecurityLevel_
0000:a564      SecurityUnlockPassword_
0000:a642      SecurityDisablePassword_
0000:a720      SecuritySetPassword_
0000:a81b+     GetEstimatedSecureEraseTimesInMin_
0000:a864+     SecureErase_
0000:a964+     WriteSectors_
0000:aad3      WriteSectorsInLBA48_
0000:ab39+     WriteSectorsInLBA28_
0000:ab9f+     WriteSectorsInCHS_
0000:ac01+     WriteDMAEXT_
0000:ad42+     ReadSectors_
0000:aeb1      ReadSectorsInLBA48_
0000:af17+     ReadSectorsInLBA28_
0000:af7d+     ReadSectorsInCHS_
0000:afdf+     ReadDMAEXT_
0000:b120      SoftwareReset_
0000:b176+     ReadLogEXT_
0000:b243+     WriteLogEXT_
0000:b310+     CheckStatusAndErrorRegisters_
0000:b392+     PrintString_
0000:b4ff+     PrintFailMessage_
0000:b53c+     PrintStatusAndErrorRegisters_
0000:b582+     PrintBuffer_
0000:b757      PrintDataBufferHex_
0000:b78c+     GetIDWord_
0000:b7f1      GetDriveSecurityState_
0000:b81f+     PrintDriveSecurityState_
0000:b931+     HandleError_
0000:b974      SendATACommand_
0000:be02+     ScanForStorageDevices_
0000:c243+     SetActiveDevice_
0000:c2f8      DisplayConnectedATAStorageDevices_
1c96:2dbe+     _ugReturnValue2
1c96:2dc2      _ugReturnValue3
1c96:2dc6+     _ugReturnValue4
1c96:2dca+     _ugReturnValue5
1c96:2dce+     _upPrintString
1c96:52bc+     _wtStorageDevices
1c96:53fc+     _wcMaxLBA
1c96:5404+     _upBufferPtr
1c96:5408+     _upLog
1c96:540c+     _ukInterruptNumber
1c96:540e+     _ukDevicePosition
1c96:5410+     _wcDriveString
1c96:5413+     _wcUserReply
1c96:5418+     _wcPasswordString
1c96:5439+     _wcDisclaimerReply
1c96:543e+     _wcPrintBuffer
147b:01b0      _buffer
Module: display.obj(C:\watcom\ATACMD\src\display.c)
0000:c562      Display_Initialize_
0000:c713      SaveScreen_
0000:c778      RestoreScreen_
0000:cb76      DisplayATACommandHistory_
0000:cce2      DisplayATARegs_
0000:d112      GetATACommandParameters_
1c96:2dd2+     _uScreenSavedFlag
1c96:5490+     _wcSavedScreen
1c96:6430+     _upVideoMemoryAddr
1c96:6434+     _wcATARegString
1c96:6485+     _eVideoType
Module: tools.obj(C:\watcom\ATACMD\src\tools.c)
0000:d55a+     DumpLine_
0000:d59b+     RemovePadding_
0000:d64f      RemoveTrailingSpaces_
0000:d6bd      StringCompareIgnoreCase_
Module: C:\WATCOM/lib286/dos\clibl.lib(stk)
0d75:0005      __STK
0d75:0025*     __STKOVERFLOW_
Module: C:\WATCOM/lib286/dos\clibl.lib(memset.c)
0d75:0042      memset_
Module: C:\WATCOM/lib286/dos\clibl.lib(printf.c)
0d75:0059      printf_
Module: C:\WATCOM/lib286/dos\clibl.lib(system.c)
0d75:0088      system_
Module: C:\WATCOM/lib286/dos\clibl.lib(getch.c)
0d75:0103      getch_
Module: C:\WATCOM/lib286/dos\clibl.lib(strlen.c)
0d75:011d      strlen_
Module: C:\WATCOM/lib286/dos\clibl.lib(atol.c)
0d75:0132      atol_
Module: C:\WATCOM/lib286/dos\clibl.lib(iob.c)
1c96:2dd6      ___iob
1c96:2f3e      __fmode
1c96:6486      ___OpenStreams
1c96:648a      ___ClosedStreams
Module: C:\WATCOM/lib286/dos\clibl.lib(fgetc.c)
0d75:01ab+     __fill_buffer_
0d75:027a+     __filbuf_
0d75:029e      fgetc_
Module: C:\WATCOM/lib286/dos\clibl.lib(cstart)
1c96:0000*     __nullarea
1c96:2f40*     __ovlflag
1c96:2f41*     __intno
1c96:2f42*     __ovlvec
0d75:0340      _cstart_
0d75:0413*     _Not_Enough_Memory_
0d75:0519      __exit_
0d75:0538      __do_exit_with_msg__
0d75:0596      __GETDS
Module: C:\WATCOM/lib286/dos\clibl.lib(cmodel)
0d75:05a0      _big_code_
0d75:05a0*     CodeModelMismatch
Module: C:\WATCOM/lib286/dos\clibl.lib(inp.c)
0d75:05a0      inp_
Module: C:\WATCOM/lib286/dos\clibl.lib(outp.c)
0d75:05a8      outp_
Module: C:\WATCOM/lib286/dos\clibl.lib(disable.c)
0d75:05b2      _disable_
Module: C:\WATCOM/lib286/dos\clibl.lib(d_setvec.c)
0d75:05b4      _dos_setvect_
Module: C:\WATCOM/lib286/dos\clibl.lib(enable.c)
0d75:05c1      _enable_
Module: C:\WATCOM/lib286/dos\clibl.lib(d_getvec.c)
0d75:05c3      _dos_getvect_
Module: C:\WATCOM/lib286/dos\clibl.lib(intx086.c)
0d75:05ce+     int86x_
0d75:0667      int86_
Module: C:\WATCOM/lib286/dos\clibl.lib(outpw.c)
0d75:0694      outpw_
Module: C:\WATCOM/lib286/dos\clibl.lib(i4d)
0d75:069e      __I4D
0d75:06ed      __U4D
Module: C:\WATCOM/lib286/dos\clibl.lib(memcpy.c)
0d75:0771      memcpy_
Module: C:\WATCOM/lib286/dos\clibl.lib(i4m)
0d75:0794      __I4M
0d75:0794      __U4M
Module: C:\WATCOM/lib286/dos\clibl.lib(strcat.c)
0d75:07ac      strcat_
Module: C:\WATCOM/lib286/dos\clibl.lib(sprintf.c)
0d75:07d7      sprintf_
Module: C:\WATCOM/lib286/dos\clibl.lib(strcpy.c)
0d75:0806      strcpy_
Module: C:\WATCOM/lib286/dos\clibl.lib(fmalloc.c)
0d75:0851      _fmalloc_
0d75:0851      malloc_
1c96:2f46+     ___fheap
1c96:2f48      ___fheapRover
1c96:2f4a      ___LargestSizeB4Rover
Module: C:\WATCOM/lib286/dos\clibl.lib(fopen.c)
0d75:095e+     __open_flags_
0d75:0b5e+     _fsopen_
0d75:0bc5      fopen_
0d75:0ca0*     freopen_
Module: C:\WATCOM/lib286/dos\clibl.lib(fprintf.c)
0d75:0d16      fprintf_
Module: C:\WATCOM/lib286/dos\clibl.lib(fclose.c)
0d75:0d45      __doclose_
0d75:0df6      __shutdown_stream_
0d75:0e10      fclose_
1c96:648e+     ___RmTmpFileFn
Module: C:\WATCOM/lib286/dos\clibl.lib(fflush.c)
0d75:0e5b      fflush_
Module: C:\WATCOM/lib286/dos\clibl.lib(scanf.c)
0d75:0ed2+     vscanf_
0d75:0f00      scanf_
Module: C:\WATCOM/lib286/dos\clibl.lib(kbhit.c)
0d75:0f28      kbhit_
Module: C:\WATCOM/lib286/dos\clibl.lib(toupper.c)
0d75:0f3e      toupper_
Module: C:\WATCOM/lib286/dos\clibl.lib(strtol.c)
0d75:1194*     strtoul_
0d75:11a6      strtol_
Module: C:\WATCOM/lib286/dos\clibl.lib(tolower.c)
0d75:11af      tolower_
Module: C:\WATCOM/lib286/dos\clibl.lib(xmsg.c)
0d75:11bd*     __exit_with_msg_
0d75:11c2      __fatal_runtime_error_
Module: C:\WATCOM/lib286/dos\clibl.lib(crwdata)
1c96:2fd8      __curbrk
1c96:2fe0      __STACKLOW
1c96:2fe2      __STACKTOP
1c96:2fe4      __cbyte
1c96:2fe6      __child
1c96:2fe8      __no87
1c96:2ff6      ___FPE_handler
1c96:2fda      __psp
1c96:2fea      __get_ovl_stack
1c96:2fee      __restore_ovl_stack
1c96:2ff2      __close_ovl_file
1c96:2ffa      __LpCmdLine
1c96:2ffe      __LpPgmName
1c96:2fdc      __osmajor
1c96:2fdd      __osminor
1c96:2fde      __osmode
1c96:2fdf      __HShift
Module: C:\WATCOM/lib286/dos\clibl.lib(fprtf.c)
0d75:11fa      __fprtf_
Module: C:\WATCOM/lib286/dos\clibl.lib(getenv.c)
0d75:12c5      getenv_
Module: C:\WATCOM/lib286/dos\clibl.lib(_slashc.c)
0d75:138a      __Slash_C_
Module: C:\WATCOM/lib286/dos\clibl.lib(splp.c)
0d75:13b6      spawnlp_
Module: C:\WATCOM/lib286/dos\clibl.lib(istable.c)
1c96:2712      __IsTable
Module: C:\WATCOM/lib286/dos\clibl.lib(initfile.c)
0d75:13d4      __InitFiles_
Module: C:\WATCOM/lib286/dos\clibl.lib(ioexit.c)
0d75:1522*     fcloseall_
0d75:1529      __full_io_exit_
Module: C:\WATCOM/lib286/dos\clibl.lib(flushall.c)
0d75:1533      __flushall_
0d75:1590      flushall_
Module: C:\WATCOM/lib286/dos\clibl.lib(gtche.c)
0d75:1595      getche_
Module: C:\WATCOM/lib286/dos\clibl.lib(ioalloc.c)
0d75:15af      __ioalloc_
Module: C:\WATCOM/lib286/dos\clibl.lib(qread.c)
0d75:1649      __qread_
Module: C:\WATCOM/lib286/dos\clibl.lib(seterrno.c)
0d75:1669      __set_errno_
0d75:167d*     __set_EDOM_
0d75:168f*     __set_ERANGE_
0d75:16a1*     __set_EINVAL_
0d75:16b6      __set_doserrno_
Module: C:\WATCOM/lib286/dos\clibl.lib(cmain086.c)
0d75:16c2      __CMain
Module: C:\WATCOM/lib286/dos\clibl.lib(initrtns.c)
0d75:1728      __InitRtns
0d75:1728*     __FInitRtns
0d75:1783      __FiniRtns
0d75:1783*     __FFiniRtns
Module: C:\WATCOM/lib286/dos\clibl.lib(dosseg)
0d75:17e8      __DOSseg__
Module: C:\WATCOM/lib286/dos\clibl.lib(intr.c)
0d75:17e9      intr_
Module: C:\WATCOM/lib286/dos\clibl.lib(segread.c)
0d75:17fd      segread_
Module: C:\WATCOM/lib286/dos\clibl.lib(vsprintf.c)
0d75:1836      vsprintf_
Module: C:\WATCOM/lib286/dos\clibl.lib(hpgrw086.c)
0d75:1861      __CMain_nheapgrow_
Module: C:\WATCOM/lib286/dos\clibl.lib(mem.c)
0d75:1870      __MemAllocator
0d75:193a      __MemFree
Module: C:\WATCOM/lib286/dos\clibl.lib(growseg.c)
0d75:1a97      __GrowSeg_
Module: C:\WATCOM/lib286/dos\clibl.lib(allocseg.c)
0d75:1b89      __AllocSeg_
Module: C:\WATCOM/lib286/dos\clibl.lib(fmemneed.c)
0d75:1c20      __fmemneed_
Module: C:\WATCOM/lib286/dos\clibl.lib(nmalloc.c)
0d75:1c23      _nmalloc_
1c96:3002      ___nheapbeg
1c96:3004      ___MiniHeapRover
1c96:3006      ___LargestSizeB4MiniHeapRover
Module: C:\WATCOM/lib286/dos\clibl.lib(comtflag.c)
0d75:1cfd*     __set_commode_
1c96:3008      __commode
Module: C:\WATCOM/lib286/dos\clibl.lib(open.c)
0d75:1f09*     open_
0d75:1f40      sopen_
Module: C:\WATCOM/lib286/dos\clibl.lib(fseek.c)
0d75:1fd8      fseek_
Module: C:\WATCOM/lib286/dos\clibl.lib(chktty.c)
0d75:2136      __chktty_
Module: C:\WATCOM/lib286/dos\clibl.lib(freefp.c)
0d75:2161      __freefp_
0d75:21dc      __purgefp_
Module: C:\WATCOM/lib286/dos\clibl.lib(allocfp.c)
0d75:221d      __allocfp_
Module: C:\WATCOM/lib286/dos\clibl.lib(lseekdos.c)
0d75:233f      __lseek_
Module: C:\WATCOM/lib286/dos\clibl.lib(_clse.c)
0d75:237d      __close_
Module: C:\WATCOM/lib286/dos\clibl.lib(ffree.c)
0d75:23b0      _ffree_
0d75:23b0      free_
Module: C:\WATCOM/lib286/dos\clibl.lib(flush.c)
0d75:23f6      __flush_
Module: C:\WATCOM/lib286/dos\clibl.lib(ungetc.c)
0d75:2529      ungetc_
Module: C:\WATCOM/lib286/dos\clibl.lib(scnf.c)
0d75:34e1      __scnf_
Module: C:\WATCOM/lib286/dos\clibl.lib(enterdb.c)
0d75:376f      __EnterWVIDEO_
1c96:300a+     ___WD_Present
Module: C:\WATCOM/lib286/dos\clibl.lib(fputc.c)
0d75:3793      fputc_
Module: C:\WATCOM/lib286/dos\clibl.lib(prtf.c)
0d75:3863      __prtf_
Module: C:\WATCOM/lib286/dos\clibl.lib(environ.c)
1c96:6492      ___env_mask
1c96:6496      _environ
1c96:649a*     __wenviron
Module: C:\WATCOM/lib286/dos\clibl.lib(mbterm.c)
0d75:4634      _mbterm_
Module: C:\WATCOM/lib286/dos\clibl.lib(mbsnextc.c)
0d75:4676      _mbsnextc_
Module: C:\WATCOM/lib286/dos\clibl.lib(mbcupper.c)
0d75:46a7      _mbctoupper_
Module: C:\WATCOM/lib286/dos\clibl.lib(mbsinc.c)
0d75:46ca      _mbsinc_
Module: C:\WATCOM/lib286/dos\clibl.lib(spvp.c)
0d75:4706      spawnvp_
Module: C:\WATCOM/lib286/dos\clibl.lib(dosret.c)
0d75:4727      _dosretax_
0d75:472c*     _dosret0_
0d75:4733      __set_errno_dos_
Module: C:\WATCOM/lib286/dos\clibl.lib(errno.c)
0d75:4791      __get_errno_ptr_
0d75:4798      __get_doserrno_ptr_
1c96:649e+     _errno
1c96:64a0+     __doserrno
Module: C:\WATCOM/lib286/dos\clibl.lib(___argc.c)
1c96:64a2      ____Argv
1c96:64a6      ____Argc
Module: C:\WATCOM/lib286/dos\clibl.lib(amblksiz.c)
1c96:3020      __amblksiz
Module: C:\WATCOM/lib286/dos\clibl.lib(exit.c)
0d75:479f+     __null_int23_exit_
0d75:47a0      exit_
0d75:47d1*     _exit_
1c96:3022+     ___int23_exit
1c96:3026+     ___FPE_handler_exit
Module: C:\WATCOM/lib286/dos\clibl.lib(sgdef086)
1c96:30aa      __Start_XI
1c96:30c8      __End_XI
1c96:30c8      __Start_YI
1c96:30da      __End_YI
Module: C:\WATCOM/lib286/dos\clibl.lib(dointr)
0d75:47ea      _DoINTR_
Module: C:\WATCOM/lib286/dos\clibl.lib(heapgrow.c)
0d75:4b63*     _heapgrow_
0d75:4b63*     _fheapgrow_
0d75:4b64      _nheapgrow_
Module: C:\WATCOM/lib286/dos\clibl.lib(heapen.c)
0d75:4bde*     _heapenable_
1c96:302a      ___heap_enabled
Module: C:\WATCOM/lib286/dos\clibl.lib(nmemneed.c)
0d75:4bef      __nmemneed_
Module: C:\WATCOM/lib286/dos\clibl.lib(grownear.c)
0d75:4c77      __LastFree_
0d75:4cf1      __ExpandDGROUP_
Module: C:\WATCOM/lib286/dos\clibl.lib(iomode.c)
0d75:4e02      __GetIOMode_
0d75:4e27      __SetIOMode_nogrow_
1c96:302c      ___NFiles
1c96:302e      ___init_mode
1c96:3056      ___io_mode
Module: C:\WATCOM/lib286/dos\clibl.lib(isatt.c)
0d75:4e4a      isatty_
Module: C:\WATCOM/lib286/dos\clibl.lib(umaskval.c)
1c96:305a      ___umaskval
Module: C:\WATCOM/lib286/dos\clibl.lib(stiomode.c)
0d75:4e66+     __grow_iomode_
0d75:4f29+     __shrink_iomode_
0d75:4f64      __SetIOMode_
Module: C:\WATCOM/lib286/dos\clibl.lib(lseek.c)
0d75:4fc7      lseek_
Module: C:\WATCOM/lib286/dos\clibl.lib(tell.c)
0d75:4ff8      tell_
Module: C:\WATCOM/lib286/dos\clibl.lib(nfree.c)
0d75:5009      _nfree_
1c96:64aa+     ___MiniHeapFreeRover
Module: C:\WATCOM/lib286/dos\clibl.lib(qwrit.c)
0d75:5104      __qwrite_
Module: C:\WATCOM/lib286/dos\clibl.lib(fsync.c)
0d75:5161      fsync_
Module: C:\WATCOM/lib286/dos\clibl.lib(mbisdbcs.c)
1c96:64ac      ___IsDBCS
Module: C:\WATCOM/lib286/dos\clibl.lib(mbislead.c)
0d75:5166*     _ismbblead_
1c96:64ae      ___MBCSIsTable
Module: C:\WATCOM/lib286/dos\clibl.lib(mbtowc.c)
0d75:5182      mbtowc_
Module: C:\WATCOM/lib286/dos\clibl.lib(bits.c)
1c96:2814      __Bits
Module: C:\WATCOM/lib286/dos\clibl.lib(fdfs086)
0d75:5284      __FDFS
Module: C:\WATCOM/lib286/dos\clibl.lib(noefgfmt.c)
1c96:305c      ___EFG_printf
1c96:3060      ___EFG_scanf
Module: C:\WATCOM/lib286/dos\clibl.lib(i8m086)
0d75:52f9*     __I8M
0d75:52f9      __U8M
0d75:52de*     __I8ME
0d75:52de*     __U8ME
Module: C:\WATCOM/lib286/dos\clibl.lib(wctomb.c)
0d75:5443      wctomb_
Module: C:\WATCOM/lib286/dos\clibl.lib(itoa.c)
0d75:546c+     utoa_
0d75:54c9      itoa_
Module: C:\WATCOM/lib286/dos\clibl.lib(strupr.c)
0d75:54ed      strupr_
Module: C:\WATCOM/lib286/dos\clibl.lib(lltoa.c)
0d75:550f      ulltoa_
0d75:55f4*     lltoa_
Module: C:\WATCOM/lib286/dos\clibl.lib(ltoa.c)
0d75:5656      ultoa_
0d75:56c5*     ltoa_
Module: C:\WATCOM/lib286/dos\clibl.lib(setenvp.c)
0d75:5712      __setenvp_
0d75:5815      __freeenvp_
Module: C:\WATCOM/lib286/dos\clibl.lib(mbinit.c)
0d75:58b1      __mbinit_
1c96:3064      ___MBCodePage
Module: C:\WATCOM/lib286/dos\clibl.lib(mbdtoupp.c)
0d75:598c      _mbdtoupper_
Module: C:\WATCOM/lib286/dos\clibl.lib(spvpe.c)
0d75:599a      spawnvpe_
Module: C:\WATCOM/lib286/dos\clibl.lib(sbrk.c)
0d75:5b17*     sbrk_
0d75:5b27      __brk_
Module: C:\WATCOM/lib286/dos\clibl.lib(frealloc.c)
0d75:5b91*     _frealloc_
0d75:5b91      realloc_
Module: C:\WATCOM/lib286/dos\clibl.lib(iomodtty.c)
0d75:5c6d      __ChkTTYIOMode_
0d75:5cab*     __IOMode_
Module: C:\WATCOM/lib286/dos\clibl.lib(dosfile)
0d75:5cbc*     _dos_close_
0d75:5cca      _dos_commit_
0d75:5cd9*     _dos_open_
Module: C:\WATCOM/lib286/dos\clibl.lib(alphabet.c)
1c96:26c6      ___Alphabet
Module: C:\WATCOM/lib286/dos\clibl.lib(clearenv.c)
0d75:5cfe      clearenv_
Module: C:\WATCOM/lib286/dos\clibl.lib(spve.c)
0d75:5e4a      spawnve_
Module: C:\WATCOM/lib286/dos\clibl.lib(strchr.c)
0d75:6231      strchr_
Module: C:\WATCOM/lib286/dos\clibl.lib(fmsize.c)
0d75:6250*     _msize_
0d75:6250      _fmsize_
Module: C:\WATCOM/lib286/dos\clibl.lib(nexpand.c)
0d75:6261      __HeapManager_expand_
0d75:63d8      _nexpand_
Module: C:\WATCOM/lib286/dos\clibl.lib(fexpand.c)
0d75:642b      _fexpand_
0d75:642b*     _expand_
Module: C:\WATCOM/lib286/dos\clibl.lib(doserror)
0d75:6460      __doserror_
Module: C:\WATCOM/lib286/dos\clibl.lib(dosfind)
0d75:6472      _dos_findfirst_
0d75:6497*     _dos_findnext_
0d75:64ad*     _dos_findclose_
Module: C:\WATCOM/lib286/dos\clibl.lib(cenvarg.c)
0d75:64ca      __cenvarg_
0d75:66b6      __ccmdline_
Module: C:\WATCOM/lib286/dos\clibl.lib(dospawn)
0d75:6747      __dospawn
Module: C:\WATCOM/lib286/dos\clibl.lib(execaddr.c)
0d75:682f      __execaddr_
1c96:309e+     ___Exec_addr
Module: C:\WATCOM/lib286/dos\clibl.lib(stack086.c)
0d75:683c      stackavail_
Module: C:\WATCOM/lib286/dos\clibl.lib(split2.c)
0d75:68c4      _splitpath2_
Module: C:\WATCOM/lib286/dos\clibl.lib(save8087.c)
1c96:30a2      ___Save8087
1c96:30a6      ___Rest8087
Module: C:\WATCOM/lib286/dos\clibl.lib(dosmem)
0d75:6a76      _dos_allocmem_
0d75:6a98      _dos_freemem_
0d75:6aa6*     _dos_setblock_
Module: C:\WATCOM/lib286/dos\clibl.lib(fmemcpy.c)
0d75:6ac2      _fmemcpy_
Module: C:\WATCOM/lib286/dos\clibl.lib(makepath.c)
0d75:6afe      _makepath_
Module: C:\WATCOM/lib286/dos\clibl.lib(stricmp.c)
0d75:6d4a      stricmp_
Module: C:\WATCOM/lib286/dos\clibl.lib(spl.c)
0d75:6d87      spawnl_
Module: C:\WATCOM/lib286/dos\clibl.lib(bfree.c)
0d75:6db2      _bfree_
Module: C:\WATCOM/lib286/dos\clibl.lib(bexpand.c)
0d75:6dd7      _bexpand_
Module: C:\WATCOM/lib286/dos\clibl.lib(mbsnccnt.c)
0d75:6e30      _mbsnccnt_
Module: C:\WATCOM/lib286/dos\clibl.lib(mbsncpy.c)
0d75:6e64      _mbsncpy_
Module: C:\WATCOM/lib286/dos\clibl.lib(mbsnbcnt.c)
0d75:6e9a      _mbsnbcnt_
Module: C:\WATCOM/lib286/dos\clibl.lib(mbconv.c)
0d75:6f13      _mbvtop_
Module: C:\WATCOM/lib286/dos\clibl.lib(mbclen.c)
0d75:6f28      _mbclen_
Module: C:\WATCOM/lib286/dos\clibl.lib(mbsdec.c)
0d75:6f56      _mbsdec_
Module: C:\WATCOM/lib286/dos\clibl.lib(mbsnbcpy.c)
0d75:6fe3      _mbsnbcpy_


                        +--------------------+
                        |   Libraries Used   |
                        +--------------------+

C:\WATCOM/lib286/dos\clibl.lib


                        +-----------------------+
                        |   Linker Statistics   |
                        +-----------------------+

Stack size:  0800 (2048.)
Memory size:  00023720 (145184.)
Entry point address: 0d75:0340
Link time: 00:00.31
